******************************************************************************
               TMS320C6x Linker PC v8.3.11                     
******************************************************************************
>> Linked Tue Jun 13 18:28:10 2023

OUTPUT FILE NAME:   <UIA_StopMode_Template.out>
ENTRY POINT SYMBOL: "_c_int00"  address: c3030c60


MEMORY CONFIGURATION

         name            origin    length      used     unused   attr    fill
----------------------  --------  ---------  --------  --------  ----  --------
  IROM                  11700000   00100000  00000000  00100000  R  X
  IRAM                  11800000   00040000  00000000  00040000  RW X
  L3_CBA_RAM            80000000   00020000  00000000  00020000  RW X
  DDR                   c3000000   01000000  000431c0  00fbce40  RWIX


SEGMENT ALLOCATION MAP

run origin  load origin   length   init length attrs members
----------  ----------- ---------- ----------- ----- -------
c3000000    c3000000    00025060   00000000    rw-
  c3000000    c3000000    000247ec   00000000    rw- .far.1
  c30247ec    c30247ec    00000004   00000000    rw- .data.1
  c30247f0    c30247f0    00000004   00000000    rw- .far.2
  c30247f4    c30247f4    00000004   00000000    rw- .data.2
  c30247f8    c30247f8    00000004   00000000    rw- .far.3
  c30247fc    c30247fc    00000004   00000000    rw- .data.3
  c3024800    c3024800    00000834   00000000    rw- .far.4
  c3025034    c3025034    00000002   00000000    rw- .data.4
  c3025038    c3025038    0000000c   00000000    rw- .far.5
  c3025048    c3025048    00000018   00000000    rw- .fardata.1
c3025060    c3025060    00000020   00000020    r-x
  c3025060    c3025060    00000020   00000020    r-x .text.1
c3025080    c3025080    00000040   00000000    rw-
  c3025080    c3025080    00000030   00000000    rw- .far.6
  c30250b0    c30250b0    00000010   00000000    rw- .fardata.2
c30250c0    c30250c0    00000040   00000040    r-x
  c30250c0    c30250c0    00000040   00000040    r-x .text.2
c3025100    c3025100    00000040   00000000    rw-
  c3025100    c3025100    00000030   00000000    rw- .far.7
  c3025130    c3025130    00000010   00000000    rw- .fardata.3
c3025140    c3025140    0000e760   0000e760    r-x
  c3025140    c3025140    0000e760   0000e760    r-x .text.3
c30338a0    c30338a0    000091fc   00000000    rw-
  c30338a0    c30338a0    000091fc   00000000    rw- .fardata.4
c303caa0    c303caa0    00002ebe   00002ebe    r--
  c303caa0    c303caa0    00002ebe   00002ebe    r-- .const
c303f960    c303f960    00001230   00000000    rw-
  c303f960    c303f960    00001000   00000000    rw- .stack
  c3040960    c3040960    00000230   00000000    rw- .data.5
c3040c00    c3040c00    00000200   00000200    r-x
  c3040c00    c3040c00    00000200   00000200    r-x .vecs
c3040e00    c3040e00    00000204   00000000    rw-
  c3040e00    c3040e00    00000120   00000000    rw- .cio
  c3040f20    c3040f20    00000060   00000000    rw- .bss
  c3040f80    c3040f80    00000084   00000000    rw- .neardata
c3041004    c3041004    00000010   00000000    r--
  c3041004    c3041004    00000010   00000000    r-- .rodata
c3041018    c3041018    00002228   00002228    r--
  c3041018    c3041018    00002228   00002228    r-- .cinit


SECTION ALLOCATION MAP

 output                                  attributes/
section   page    origin      length       input sections
--------  ----  ----------  ----------   ----------------
.stack     0    c303f960    00001000     UNINITIALIZED
                  c303f960    00000008     boot.ae674 : boot.oe674 (.stack)
                  c303f968    00000ff8     --HOLE--

.bss       0    c3040f20    00000060     UNINITIALIZED
                  c3040f20    00000004     (.common:hefresh)
                  c3040f24    00000004     (.common:prod1)
                  c3040f28    00000004     (.common:prod1_1)
                  c3040f2c    00000004     (.common:prod1_1h)
                  c3040f30    00000004     (.common:prod1h)
                  c3040f34    00000004     (.common:prod2)
                  c3040f38    00000004     (.common:prod2_1)
                  c3040f3c    00000004     (.common:prod2_1h)
                  c3040f40    00000004     (.common:prod2h)
                  c3040f44    00000004     (.common:prod3)
                  c3040f48    00000004     (.common:prod3_1)
                  c3040f4c    00000004     (.common:prod3_1h)
                  c3040f50    00000004     (.common:prod3h)
                  c3040f54    00000004     (.common:prod4)
                  c3040f58    00000004     (.common:prod4_1)
                  c3040f5c    00000004     (.common:prod4_1h)
                  c3040f60    00000004     (.common:prod4h)
                  c3040f64    00000004     (.common:prod5)
                  c3040f68    00000004     (.common:prod5_1)
                  c3040f6c    00000004     (.common:prod5_1h)
                  c3040f70    00000004     (.common:prod5h)
                  c3040f74    00000004     (.common:xn_1)
                  c3040f78    00000004     (.common:xn_1h)
                  c3040f7c    00000004     (.common:xnh)

.neardata 
*          0    c3040f80    00000084     UNINITIALIZED
                  c3040f80    0000007c     main.obj (.neardata)
                  c3040ffc    00000008     ti.uia.runtime.ae674 : QueueDescriptor.oe674 (.neardata)

.rodata    0    c3041004    00000010     UNINITIALIZED
                  c3041004    00000010     UIA_StopMode_Template_pe674.oe674 (.rodata)

.cinit     0    c3041018    00002228     
                  c3041018    00001fbd     (.cinit..fardata.4.load) [load image, compression = rle]
                  c3042fd5    00000101     (.cinit..data.5.load) [load image, compression = rle]
                  c30430d6    00000018     (.cinit..fardata.1.load) [load image, compression = rle]
                  c30430ee    00000017     (.cinit..neardata.load) [load image, compression = rle]
                  c3043105    00000016     (.cinit..rodata.load) [load image, compression = rle]
                  c304311b    0000000d     (.cinit..far.1.load) [load image, compression = rle]
                  c3043128    0000000b     (.cinit..far.4.load) [load image, compression = rle]
                  c3043133    0000000a     (.cinit..data.2.load) [load image, compression = rle]
                  c304313d    0000000a     (.cinit..data.3.load) [load image, compression = rle]
                  c3043147    00000009     (.cinit..bss.load) [load image, compression = rle]
                  c3043150    00000009     (.cinit..data.1.load) [load image, compression = rle]
                  c3043159    00000009     (.cinit..far.2.load) [load image, compression = rle]
                  c3043162    00000009     (.cinit..far.3.load) [load image, compression = rle]
                  c304316b    00000009     (.cinit..far.5.load) [load image, compression = rle]
                  c3043174    00000009     (.cinit..far.6.load) [load image, compression = rle]
                  c304317d    00000009     (.cinit..far.7.load) [load image, compression = rle]
                  c3043186    00000009     (.cinit..fardata.2.load) [load image, compression = rle]
                  c304318f    00000009     (.cinit..fardata.3.load) [load image, compression = rle]
                  c3043198    00000008     (.cinit..data.4.load) [load image, compression = rle]
                  c30431a0    00000008     (__TI_handler_table)
                  c30431a8    00000098     (__TI_cinit_table)

.init_array 
*          0    c3000000    00000000     UNINITIALIZED

.vecs      0    c3040c00    00000200     
                  c3040c00    00000200     UIA_StopMode_Template_pe674.oe674 (.vecs)

xdc.meta   0    c3000000    00000100     COPY SECTION
                  c3000000    00000100     UIA_StopMode_Template_pe674.oe674 (xdc.meta)

.far.1     0    c3000000    000247ec     UNINITIALIZED
                  c3000000    00010000     (.common:ti_sysbios_heaps_HeapMem_Instance_State_0_buf__A)
                  c3010000    00008000     (.common:ti_uia_loggers_LoggerStopMode_Instance_State_1_packetArray__A)
                  c3018000    00008000     (.common:ti_uia_loggers_LoggerStopMode_Instance_State_2_packetArray__A)
                  c3020000    00001bf0     (.common:both_filtered_arr)
                  c3021bf0    00001bf0     (.common:low_filtered_arr)
                  c30237e0    00001000     UIA_StopMode_Template_pe674.oe674 (.far:taskStackSection)
                  c30247e0    00000008     (.common:parmbuf)
                  c30247e8    00000004     (.common:ti_sysbios_family_c64p_Hwi_Instance_State_0_hookEnv__A)

.data.1    0    c30247ec    00000004     UNINITIALIZED
                  c30247ec    00000004     UIA_StopMode_Template_pe674.oe674 (.data:ti_sysbios_family_c64p_Cache_Module__state__V)

.far.2     0    c30247f0    00000004     UNINITIALIZED
                  c30247f0    00000004     (.common:ti_sysbios_family_c64p_Hwi_Instance_State_1_hookEnv__A)

.data.2    0    c30247f4    00000004     UNINITIALIZED
                  c30247f4    00000004     UIA_StopMode_Template_pe674.oe674 (.data:ti_sysbios_family_c64p_primus_TimerSupport_Module__state__V)

.far.3     0    c30247f8    00000004     UNINITIALIZED
                  c30247f8    00000004     (.common:ti_sysbios_knl_Swi_Instance_State_0_hookEnv__A)

.data.3    0    c30247fc    00000004     UNINITIALIZED
                  c30247fc    00000004     UIA_StopMode_Template_pe674.oe674 (.data:xdc_runtime_Memory_Module__state__V)

.far.4     0    c3024800    00000834     UNINITIALIZED
                  c3024800    00000400     (.common:ti_uia_loggers_LoggerStopMode_Instance_State_0_packetArray__A)
                  c3024c00    00000400     (.common:xdc_runtime_SysMin_Module_State_0_outbuf__A)
                  c3025000    00000030     (.common:ti_uia_loggers_LoggerStopMode_Instance_State_0_hdr__A)
                  c3025030    00000004     (.common:ti_sysbios_knl_Swi_Instance_State_1_hookEnv__A)

.data.4    0    c3025034    00000002     UNINITIALIZED
                  c3025034    00000002     UIA_StopMode_Template_pe674.oe674 (.data:xdc_runtime_Error_Module__state__V)

.far.5     0    c3025038    0000000c     UNINITIALIZED
                  c3025038    00000004     (.common:ti_sysbios_knl_Task_Instance_State_0_hookEnv__A)
                  c302503c    00000004     --HOLE--
                  c3025040    00000004     (.common:ti_sysbios_knl_Task_Instance_State_1_hookEnv__A)

.fardata.1 
*          0    c3025048    00000018     UNINITIALIZED
                  c3025048    00000018     UIA_StopMode_Template_pe674.oe674 (.fardata:ti_sysbios_heaps_HeapMem_Object__table__V)

.text.1    0    c3025060    00000020     
                  c3025060    00000020     rts6740_elf.lib : _lock.c.obj (.text:_nop)

.far.6     0    c3025080    00000030     UNINITIALIZED
                  c3025080    00000030     (.common:ti_uia_loggers_LoggerStopMode_Instance_State_1_hdr__A)

.fardata.2 
*          0    c30250b0    00000010     UNINITIALIZED
                  c30250b0    00000010     main.obj (.fardata:arr_hefresh)

.text.2    0    c30250c0    00000040     
                  c30250c0    00000040     rts6740_elf.lib : args_main.c.obj (.text:_args_main)

.far.7     0    c3025100    00000030     UNINITIALIZED
                  c3025100    00000030     (.common:ti_uia_loggers_LoggerStopMode_Instance_State_2_hdr__A)

.fardata.3 
*          0    c3025130    00000010     UNINITIALIZED
                  c3025130    00000010     main.obj (.fardata:s1_peaks)

.text.3    0    c3025140    0000e760     
                  c3025140    00000940     main.obj (.text)
                  c3025a80    000008a0     ti.targets.rts6000.ae674 : System.oe674 (.text:xdc_runtime_System_doPrint__I)
                  c3026320    00000780     sysbios.ae674 : BIOS.obj (.text:ti_sysbios_family_c64p_Exception_handler__I)
                  c3026aa0    00000760                   : BIOS.obj (.text:ti_sysbios_knl_Semaphore_pend__E)
                  c3027200    000006c0                   : BIOS.obj (.text:ti_sysbios_timers_timer64_Timer_Module_startup__E)
                  c30278c0    00000640                   : BIOS.obj (.text:ti_sysbios_family_c64p_Cache_Module_startup__E)
                  c3027f00    00000620                   : BIOS.obj (.text:ti_sysbios_heaps_HeapMem_allocUnprotected__E)
                  c3028520    000005c0                   : BIOS.obj (.text:ti_sysbios_heaps_HeapMem_freeUnprotected__E)
                  c3028ae0    000003e0                   : BIOS.obj (.text:ti_sysbios_knl_Task_schedule__I)
                  c3028ec0    00000380                   : BIOS.obj (.text:ti_sysbios_family_c64p_Hwi_dispatchCore__I)
                  c3029240    00000340                   : BIOS.obj (.text:ti_sysbios_knl_Swi_run__I)
                  c3029580    00000340                   : BIOS.obj (.text:ti_sysbios_utils_Load_logLoads__I)
                  c30298c0    00000320                   : BIOS.obj (.text:ti_sysbios_timers_timer64_Timer_deviceConfig__I)
                  c3029be0    000002e0                   : BIOS.obj (.text:ti_sysbios_heaps_HeapMem_Instance_init__E)
                  c3029ec0    000002c0                   : BIOS.obj (.text:ti_sysbios_knl_Clock_workFunc__E)
                  c302a180    00000280     rts6740_elf.lib : divf.c.obj (.text:__c6xabi_divf)
                  c302a400    00000260                     : imath64.c.obj (.text:__c6xabi_divull)
                  c302a660    00000260     sysbios.ae674 : BIOS.obj (.text:ti_sysbios_knl_Semaphore_post__E)
                  c302a8c0    00000260                   : BIOS.obj (.text:ti_sysbios_knl_Swi_post__E)
                  c302ab20    00000260                   : BIOS.obj (.text:ti_sysbios_utils_Load_updateThreadContexts__E)
                  c302ad80    00000260     UIA_StopMode_Template_pe674.oe674 (.text:ti_uia_loggers_LoggerStopMode_writeMemoryRange__E)
                  c302afe0    00000260     ti.targets.rts6000.ae674 : Startup.oe674 (.text:xdc_runtime_Startup_startMods__I)
                  c302b240    00000260     UIA_StopMode_Template_pe674.oe674 (.text:xdc_runtime_System_printfExtend__I)
                  c302b4a0    00000240     sysbios.ae674 : BIOS.obj (.text:ti_sysbios_family_c64p_Exception_internalHandler__I)
                  c302b6e0    00000240                   : BIOS.obj (.text:ti_sysbios_knl_Task_postInit__I)
                  c302b920    00000240                   : BIOS.obj (.text:ti_sysbios_timers_timer64_Timer_setPeriodMicroSecs__E)
                  c302bb60    00000240     ti.targets.rts6000.ae674 : Core-mem.oe674 (.text:xdc_runtime_Core_createObject__I)
                  c302bda0    00000220     sysbios.ae674 : BIOS.obj (.text:ti_sysbios_family_c64p_Hwi_Module_startup__E)
                  c302bfc0    00000220     ti.targets.rts6000.ae674 : Error.oe674 (.text:xdc_runtime_Error_policyDefault__E)
                  c302c1e0    00000200     sysbios.ae674 : c64p_Hwi_disp_always.obj (.text:_ti_sysbios_family_c64p_Hwi_dispatchAlways)
                  c302c3e0    00000200                   : BIOS.obj (.text:ti_sysbios_knl_Task_startCore__E)
                  c302c5e0    00000200                   : BIOS.obj (.text:ti_sysbios_utils_Load_updateLoads__E)
                  c302c7e0    000001e0                   : BIOS.obj (.text:ti_sysbios_gates_GateMutex_enter__E)
                  c302c9c0    000001e0                   : BIOS.obj (.text:ti_sysbios_knl_Task_exit__E)
                  c302cba0    000001e0     ti.targets.rts6000.ae674 : Text.oe674 (.text:xdc_runtime_Text_putSite__E)
                  c302cd80    000001c0     sysbios.ae674 : BIOS.obj (.text:ti_sysbios_timers_timer64_Timer_getFreq__E)
                  c302cf40    000001c0                   : BIOS.obj (.text:ti_sysbios_timers_timer64_Timer_start__E)
                  c302d100    000001c0                   : BIOS.obj (.text:ti_sysbios_utils_Load_idleFxn__E)
                  c302d2c0    000001a0     ti.targets.rts6000.ae674 : Core-smem.oe674 (.text:xdc_runtime_Core_constructObject__I)
                  c302d460    00000180     boot.ae674 : autoinit.oe674 (.text:__TI_auto_init:_auto_init_elf)
                  c302d5e0    00000180     sysbios.ae674 : c64p_Exception_asm.obj (.text)
                  c302d760    00000180                   : BIOS.obj (.text:ti_sysbios_utils_Load_taskCreateHook__E)
                  c302d8e0    00000180     UIA_StopMode_Template_pe674.oe674 (.text:ti_uia_loggers_LoggerStopMode_write8__E)
                  c302da60    00000160     sysbios.ae674 : BIOS.obj (.text:ti_sysbios_utils_Load_startup__E)
                  c302dbc0    00000160     UIA_StopMode_Template_pe674.oe674 (.text:ti_uia_loggers_LoggerStopMode_write2__E)
                  c302dd20    00000160     UIA_StopMode_Template_pe674.oe674 (.text:ti_uia_loggers_LoggerStopMode_write4__E)
                  c302de80    00000160     ti.targets.rts6000.ae674 : Text.oe674 (.text:xdc_runtime_Text_putMod__E)
                  c302dfe0    00000140     sysbios.ae674 : BIOS.obj (.text:ti_sysbios_knl_Semaphore_Instance_init__E)
                  c302e120    00000140                   : BIOS.obj (.text:ti_sysbios_knl_Swi_Module_startup__E)
                  c302e260    00000140                   : BIOS.obj (.text:ti_sysbios_knl_Task_Module_startup__E)
                  c302e3a0    00000140                   : BIOS.obj (.text:ti_sysbios_knl_Task_blockI__E)
                  c302e4e0    00000140                   : BIOS.obj (.text:ti_sysbios_utils_Load_updateCurrentThreadTime__E)
                  c302e620    00000140     ti.uia.loggers.ae674 : LoggerStopMode.oe674 (.text:ti_uia_loggers_LoggerStopMode_initQueueDescriptor__E)
                  c302e760    00000140     UIA_StopMode_Template_pe674.oe674 (.text:ti_uia_loggers_LoggerStopMode_write0__E)
                  c302e8a0    00000140     UIA_StopMode_Template_pe674.oe674 (.text:ti_uia_loggers_LoggerStopMode_write1__E)
                  c302e9e0    00000140     ti.targets.rts6000.ae674 : Core-mem.oe674 (.text:xdc_runtime_Core_deleteObject__I)
                  c302eb20    00000140                              : Text.oe674 (.text:xdc_runtime_Text_putLab__E)
                  c302ec60    00000120     sysbios.ae674 : BIOS.obj (.text:ti_sysbios_family_c64p_Hwi_postInit__I)
                  c302ed80    00000120                   : BIOS.obj (.text:ti_sysbios_knl_Swi_postInit__I)
                  c302eea0    00000120                   : BIOS.obj (.text:ti_sysbios_knl_Swi_restoreHwi__E)
                  c302efc0    00000120                   : BIOS.obj (.text:ti_sysbios_knl_Task_unblockI__E)
                  c302f0e0    00000120                   : BIOS.obj (.text:ti_sysbios_utils_Load_taskDeleteHook__E)
                  c302f200    00000100     rts6740_elf.lib : copy_decompress_rle.c.obj (.text:__TI_decompress_rle_core)
                  c302f300    00000100                     : cpy_tbl.c.obj (.text:copy_in)
                  c302f400    00000100     sysbios.ae674 : BIOS.obj (.text:ti_sysbios_timers_timer64_Timer_initDevice__I)
                  c302f500    00000100     UIA_StopMode_Template_pe674.oe674 (.text:ti_sysbios_utils_Load_hwiBeginHook__E)
                  c302f600    00000100     ti.uia.loggers.ae674 : LoggerStopMode.oe674 (.text:ti_uia_loggers_LoggerStopMode_Module_startup__E)
                  c302f700    00000100     ti.uia.runtime.ae674 : QueueDescriptor.oe674 (.text:ti_uia_runtime_QueueDescriptor_addToList__E)
                  c302f800    00000100     ti.targets.rts6000.ae674 : Error.oe674 (.text:xdc_runtime_Error_print__E)
                  c302f900    00000100                              : Memory.oe674 (.text:xdc_runtime_Memory_alloc__E)
                  c302fa00    00000100                              : Startup.oe674 (.text:xdc_runtime_Startup_exec__E)
                  c302fb00    000000e0     rts6740_elf.lib : hostwrite.c.obj (.text:HOSTwrite)
                  c302fbe0    000000e0                     : divi.asm.obj (.text:__divi)
                  c302fcc0    000000e0                     : exit.c.obj (.text:exit)
                  c302fda0    000000e0                     : memset.c.obj (.text:memset)
                  c302fe80    000000e0     sysbios.ae674 : BIOS.obj (.text:ti_sysbios_heaps_HeapMem_alloc__E)
                  c302ff60    000000e0                   : BIOS.obj (.text:ti_sysbios_knl_Swi_runLoop__I)
                  c3030040    000000e0                   : BIOS.obj (.text:ti_sysbios_timers_timer64_Timer_startup__E)
                  c3030120    000000e0     ti.targets.rts6000.ae674 : Text.oe674 (.text:xdc_runtime_Text_visitRope2__I)
                  c3030200    000000c0     rts6740_elf.lib : divu.asm.obj (.text:__divu)
                  c30302c0    000000c0     sysbios.ae674 : BIOS.obj (.text:ti_sysbios_heaps_HeapMem_getStats__E)
                  c3030380    000000c0                   : BIOS.obj (.text:ti_sysbios_knl_Clock_logTick__E)
                  c3030440    000000c0                   : BIOS.obj (.text:ti_sysbios_knl_Swi_schedule__I)
                  c3030500    000000c0                   : BIOS.obj (.text:ti_sysbios_knl_Task_allBlockedFunction__I)
                  c30305c0    000000c0                   : BIOS.obj (.text:ti_sysbios_utils_Load_swiBeginHook__E)
                  c3030680    000000c0                   : BIOS.obj (.text:ti_sysbios_utils_Load_taskSwitchHook__E)
                  c3030740    000000c0     ti.uia.loggers.ae674 : LoggerStopMode.oe674 (.text:ti_uia_loggers_LoggerStopMode_flush__E)
                  c3030800    000000c0     rts6740_elf.lib : tls.c.obj (.text:tls:init:__TI_tls_init)
                  c30308c0    000000c0     ti.targets.rts6000.ae674 : Assert.oe674 (.text:xdc_runtime_Assert_raise__I)
                  c3030980    000000c0                              : Error.oe674 (.text:xdc_runtime_Error_setX__E)
                  c3030a40    000000c0                              : SysMin.oe674 (.text:xdc_runtime_SysMin_abort__E)
                  c3030b00    000000c0                              : SysMin.oe674 (.text:xdc_runtime_SysMin_flush__E)
                  c3030bc0    000000a0     rts6740_elf.lib : remu.asm.obj (.text:__remu)
                  c3030c60    000000a0     boot.ae674 : boot.oe674 (.text:_c_int00)
                  c3030d00    000000a0     rts6740_elf.lib : memcpy64.asm.obj (.text:memcpy)
                  c3030da0    000000a0     sysbios.ae674 : BIOS.obj (.text:ti_sysbios_family_c64p_Exception_Module_startup__E)
                  c3030e40    000000a0                   : BIOS.obj (.text:ti_sysbios_family_c64p_Hwi_dispatchC__I)
                  c3030ee0    000000a0                   : BIOS.obj (.text:ti_sysbios_family_c64p_Hwi_getStackInfo__E)
                  c3030f80    000000a0                   : BIOS.obj (.text:ti_sysbios_timers_timer64_Timer_stop__E)
                  c3031020    000000a0     ti.targets.rts6000.ae674 : Core-params.oe674 (.text:xdc_runtime_Core_assignParams__I)
                  c30310c0    000000a0                              : SysMin.oe674 (.text:xdc_runtime_SysMin_putch__E)
                  c3031160    000000a0                              : System.oe674 (.text:xdc_runtime_System_formatNum__I)
                  c3031200    000000a0                              : System.oe674 (.text:xdc_runtime_System_putchar__I)
                  c30312a0    000000a0                              : Text.oe674 (.text:xdc_runtime_Text_printVisFxn__I)
                  c3031340    000000a0                              : Text.oe674 (.text:xdc_runtime_Text_xprintf__I)
                  c30313e0    00000080     rts6740_elf.lib : trgmsg.c.obj (.text:__TI_readmsg)
                  c3031460    00000080                     : llshift.c.obj (.text:__c6xabi_llshl)
                  c30314e0    00000080     sysbios.ae674 : c62_TaskSupport_asm.obj (.text:_ti_sysbios_family_c62_TaskSupport_swap__E)
                  c3031560    00000080     UIA_StopMode_Template_pe674.oe674 (.text:ti_sysbios_BIOS_atExitFunc__I)
                  c30315e0    00000080     UIA_StopMode_Template_pe674.oe674 (.text:ti_sysbios_BIOS_registerRTSLock__I)
                  c3031660    00000080     UIA_StopMode_Template_pe674.oe674 (.text:ti_sysbios_gates_GateHwi_Object__create__S)
                  c30316e0    00000080     UIA_StopMode_Template_pe674.oe674 (.text:ti_sysbios_gates_GateMutex_Object__create__S)
                  c3031760    00000080     sysbios.ae674 : BIOS.obj (.text:ti_sysbios_hal_Hwi_checkStack)
                  c30317e0    00000080                   : BIOS.obj (.text:ti_sysbios_hal_Hwi_initStack)
                  c3031860    00000080     UIA_StopMode_Template_pe674.oe674 (.text:ti_sysbios_heaps_HeapMem_Object__create__S)
                  c30318e0    00000080     sysbios.ae674 : BIOS.obj (.text:ti_sysbios_heaps_HeapMem_init__I)
                  c3031960    00000080     UIA_StopMode_Template_pe674.oe674 (.text:ti_sysbios_knl_Clock_doTick__I)
                  c30319e0    00000080     sysbios.ae674 : BIOS.obj (.text:ti_sysbios_knl_Idle_run__E)
                  c3031a60    00000080                   : BIOS.obj (.text:ti_sysbios_knl_Semaphore_pendTimeout__I)
                  c3031ae0    00000080                   : BIOS.obj (.text:ti_sysbios_knl_Swi_startup__E)
                  c3031b60    00000080                   : BIOS.obj (.text:ti_sysbios_knl_Task_restore__E)
                  c3031be0    00000080                   : BIOS.obj (.text:ti_sysbios_utils_Load_hwiEndHook__E)
                  c3031c60    00000080                   : BIOS.obj (.text:ti_sysbios_utils_Load_swiEndHook__E)
                  c3031ce0    00000080     UIA_StopMode_Template_pe674.oe674 (.text:ti_uia_loggers_LoggerStopMode_Object__create__S)
                  c3031d60    00000080     UIA_StopMode_Template_pe674.oe674 (.text:xdc_runtime_SysMin_output__I)
                  c3031de0    00000080     ti.targets.rts6000.ae674 : System.oe674 (.text:xdc_runtime_System_atexit__E)
                  c3031e60    00000080                              : System.oe674 (.text:xdc_runtime_System_avprintf__E)
                  c3031ee0    00000080                              : System.oe674 (.text:xdc_runtime_System_processAtExit__E)
                  c3031f60    00000080                              : System.oe674 (.text:xdc_runtime_System_vprintf__E)
                  c3031fe0    00000060     rts6740_elf.lib : trgmsg.c.obj (.text:__TI_writemsg)
                  c3032040    00000060                     : llshift.c.obj (.text:__c6xabi_llshru)
                  c30320a0    00000060                     : imath64.c.obj (.text:_subcull)
                  c3032100    00000060     sysbios.ae674 : c64p_Hwi_asm_switch.obj (.text:_ti_sysbios_family_c64p_Hwi_switchAndDispatch__I)
                  c3032160    00000060                   : c64p_Hwi_asm_switch.obj (.text:_ti_sysbios_family_xxx_Hwi_switchAndRunFunc)
                  c30321c0    00000060     UIA_StopMode_Template_pe674.oe674 (.text:ti_sysbios_BIOS_errorRaiseHook__I)
                  c3032220    00000060     UIA_StopMode_Template_pe674.oe674 (.text:ti_sysbios_BIOS_removeRTSLock__I)
                  c3032280    00000060     UIA_StopMode_Template_pe674.oe674 (.text:ti_sysbios_BIOS_startFunc__I)
                  c30322e0    00000060     sysbios.ae674 : BIOS.obj (.text:ti_sysbios_family_c62_TaskSupport_start__E)
                  c3032340    00000060                   : BIOS.obj (.text:ti_sysbios_family_c64p_Cache_setMar__E)
                  c30323a0    00000060     UIA_StopMode_Template_pe674.oe674 (.text:ti_sysbios_gates_GateMutex_Object__delete__S)
                  c3032400    00000060     sysbios.ae674 : BIOS.obj (.text:ti_sysbios_heaps_HeapMem_free__E)
                  c3032460    00000060                   : BIOS.obj (.text:ti_sysbios_knl_Clock_Module_startup__E)
                  c30324c0    00000060     UIA_StopMode_Template_pe674.oe674 (.text:ti_sysbios_knl_Queue_construct)
                  c3032520    00000060     UIA_StopMode_Template_pe674.oe674 (.text:ti_sysbios_knl_Semaphore_construct)
                  c3032580    00000060     sysbios.ae674 : BIOS.obj (.text:ti_sysbios_knl_Task_enter__I)
                  c30325e0    00000060     ti.uia.loggers.ae674 : LoggerStopMode.oe674 (.text:ti_uia_loggers_LoggerStopMode_initBuffer__I)
                  c3032640    00000060                          : LoggerStopMode.oe674 (.text:ti_uia_loggers_LoggerStopMode_reset__E)
                  c30326a0    00000060     ti.targets.rts6000.ae674 : Memory.oe674 (.text:xdc_runtime_Memory_valloc__E)
                  c3032700    00000040     sysbios.ae674 : c62_TaskSupport_asm.obj (.text:_ti_sysbios_family_c62_TaskSupport_buildTaskStack)
                  c3032740    00000040     UIA_StopMode_Template_pe674.oe674 (.text:ti_sysbios_BIOS_exitFunc__I)
                  c3032780    00000040     UIA_StopMode_Template_pe674.oe674 (.text:ti_sysbios_BIOS_rtsLock__I)
                  c30327c0    00000040     UIA_StopMode_Template_pe674.oe674 (.text:ti_sysbios_BIOS_rtsUnlock__I)
                  c3032800    00000040     sysbios.ae674 : BIOS.obj (.text:ti_sysbios_family_c64p_Hwi_disableInterrupt__E)
                  c3032840    00000040                   : BIOS.obj (.text:ti_sysbios_family_c64p_Hwi_enableInterrupt__E)
                  c3032880    00000040                   : BIOS.obj (.text:ti_sysbios_family_c64p_primus_TimerSupport_enable__E)
                  c30328c0    00000040     UIA_StopMode_Template_pe674.oe674 (.text:ti_sysbios_gates_GateHwi_Handle__label__S)
                  c3032900    00000040     UIA_StopMode_Template_pe674.oe674 (.text:ti_sysbios_gates_GateHwi_Object__delete__S)
                  c3032940    00000040     UIA_StopMode_Template_pe674.oe674 (.text:ti_sysbios_gates_GateMutex_Handle__label__S)
                  c3032980    00000040     sysbios.ae674 : BIOS.obj (.text:ti_sysbios_gates_GateMutex_Instance_init__E)
                  c30329c0    00000040                   : BIOS.obj (.text:ti_sysbios_gates_GateMutex_leave__E)
                  c3032a00    00000040     UIA_StopMode_Template_pe674.oe674 (.text:ti_sysbios_heaps_HeapMem_Handle__label__S)
                  c3032a40    00000040     UIA_StopMode_Template_pe674.oe674 (.text:ti_sysbios_heaps_HeapMem_Object__delete__S)
                  c3032a80    00000040     UIA_StopMode_Template_pe674.oe674 (.text:ti_sysbios_heaps_HeapMem_Object__get__S)
                  c3032ac0    00000040     UIA_StopMode_Template_pe674.oe674 (.text:ti_sysbios_knl_Semaphore_destruct)
                  c3032b00    00000040     UIA_StopMode_Template_pe674.oe674 (.text:ti_sysbios_knl_Swi_Object__get__S)
                  c3032b40    00000040     UIA_StopMode_Template_pe674.oe674 (.text:ti_sysbios_knl_Task_Object__get__S)
                  c3032b80    00000040     UIA_StopMode_Template_pe674.oe674 (.text:ti_uia_loggers_LoggerStopMode_Handle__label__S)
                  c3032bc0    00000040     ti.uia.loggers.ae674 : LoggerStopMode.oe674 (.text:ti_uia_loggers_LoggerStopMode_Instance_init__E)
                  c3032c00    00000040     UIA_StopMode_Template_pe674.oe674 (.text:ti_uia_loggers_LoggerStopMode_Object__delete__S)
                  c3032c40    00000040     UIA_StopMode_Template_pe674.oe674 (.text:ti_uia_loggers_LoggerStopMode_Object__get__S)
                  c3032c80    00000040     ti.uia.loggers.ae674 : LoggerStopMode.oe674 (.text:ti_uia_loggers_LoggerStopMode_disable__E)
                  c3032cc0    00000040                          : LoggerStopMode.oe674 (.text:ti_uia_loggers_LoggerStopMode_enable__E)
                  c3032d00    00000040     ti.targets.rts6000.ae674 : Error.oe674 (.text:xdc_runtime_Error_check__E)
                  c3032d40    00000040                              : Error.oe674 (.text:xdc_runtime_Error_init__E)
                  c3032d80    00000040                              : Registry.oe674 (.text:xdc_runtime_Registry_findById__E)
                  c3032dc0    00000040                              : SysMin.oe674 (.text:xdc_runtime_SysMin_Module_startup__E)
                  c3032e00    00000040                              : SysMin.oe674 (.text:xdc_runtime_SysMin_exit__E)
                  c3032e40    00000040                              : System.oe674 (.text:xdc_runtime_System_abort__E)
                  c3032e80    00000040     UIA_StopMode_Template_pe674.oe674 (.text:xdc_runtime_System_aprintf__E)
                  c3032ec0    00000040     ti.targets.rts6000.ae674 : System.oe674 (.text:xdc_runtime_System_exit__E)
                  c3032f00    00000040     UIA_StopMode_Template_pe674.oe674 (.text:xdc_runtime_System_printf__E)
                  c3032f40    00000020     rts6740_elf.lib : _lock.c.obj (.text:_register_lock)
                  c3032f60    00000020                     : _lock.c.obj (.text:_register_unlock)
                  c3032f80    00000020                     : startup.c.obj (.text:_system_post_cinit)
                  c3032fa0    00000020     sysbios.ae674 : c62_TaskSupport_asm.obj (.text:_ti_sysbios_family_c62_TaskSupport_glue)
                  c3032fc0    00000020     rts6740_elf.lib : exit.c.obj (.text:abort)
                  c3032fe0    00000020                     : copy_decompress_none.c.obj (.text:decompress:none:__TI_decompress_none)
                  c3033000    00000020                     : copy_decompress_rle.c.obj (.text:decompress:rle24:__TI_decompress_rle24)
                  c3033020    00000020     UIA_StopMode_Template_pe674.oe674 (.text:ti_sysbios_BIOS_RtsGateProxy_enter__E)
                  c3033040    00000020     UIA_StopMode_Template_pe674.oe674 (.text:ti_sysbios_BIOS_RtsGateProxy_leave__E)
                  c3033060    00000020     sysbios.ae674 : BIOS.obj (.text:ti_sysbios_BIOS_getCpuFreq__E)
                  c3033080    00000020                   : BIOS.obj (.text:ti_sysbios_BIOS_linkedWithIncorrectBootLibrary__E)
                  c30330a0    00000020     UIA_StopMode_Template_pe674.oe674 (.text:ti_sysbios_BIOS_nullFunc__I)
                  c30330c0    00000020     sysbios.ae674 : BIOS.obj (.text:ti_sysbios_BIOS_setThreadType__E)
                  c30330e0    00000020                   : BIOS.obj (.text:ti_sysbios_BIOS_start__E)
                  c3033100    00000020     UIA_StopMode_Template_pe674.oe674 (.text:ti_sysbios_family_c62_TaskSupport_Module__startupDone__S)
                  c3033120    00000020     sysbios.ae674 : BIOS.obj (.text:ti_sysbios_family_c62_TaskSupport_checkStack__E)
                  c3033140    00000020     UIA_StopMode_Template_pe674.oe674 (.text:ti_sysbios_family_c64p_Hwi_Module__startupDone__F)
                  c3033160    00000020     sysbios.ae674 : BIOS.obj (.text:ti_sysbios_family_c64p_Hwi_clearInterrupt__E)
                  c3033180    00000020                   : BIOS.obj (.text:ti_sysbios_family_c64p_Hwi_startup__E)
                  c30331a0    00000020                   : BIOS.obj (.text:ti_sysbios_family_c64p_Hwi_switchFromBootStack__E)
                  c30331c0    00000020                   : BIOS.obj (.text:ti_sysbios_family_c64p_TimestampProvider_Module_startup__E)
                  c30331e0    00000020                   : BIOS.obj (.text:ti_sysbios_family_c64p_TimestampProvider_get32__E)
                  c3033200    00000020                   : BIOS.obj (.text:ti_sysbios_gates_GateHwi_Instance_init__E)
                  c3033220    00000020                   : BIOS.obj (.text:ti_sysbios_gates_GateHwi_enter__E)
                  c3033240    00000020                   : BIOS.obj (.text:ti_sysbios_gates_GateHwi_leave__E)
                  c3033260    00000020                   : BIOS.obj (.text:ti_sysbios_gates_GateHwi_query__E)
                  c3033280    00000020                   : BIOS.obj (.text:ti_sysbios_gates_GateMutex_Instance_finalize__E)
                  c30332a0    00000020                   : BIOS.obj (.text:ti_sysbios_gates_GateMutex_query__E)
                  c30332c0    00000020                   : BIOS.obj (.text:ti_sysbios_hal_Hwi_Module_startup__E)
                  c30332e0    00000020                   : BIOS.obj (.text:ti_sysbios_hal_Timer_Module_startup__E)
                  c3033300    00000020     UIA_StopMode_Template_pe674.oe674 (.text:ti_sysbios_heaps_HeapMem_Module_GateProxy_enter__E)
                  c3033320    00000020     UIA_StopMode_Template_pe674.oe674 (.text:ti_sysbios_heaps_HeapMem_Module_GateProxy_leave__E)
                  c3033340    00000020     sysbios.ae674 : BIOS.obj (.text:ti_sysbios_heaps_HeapMem_isBlocking__E)
                  c3033360    00000020     UIA_StopMode_Template_pe674.oe674 (.text:ti_sysbios_knl_Clock_TimerProxy_getMaxTicks__E)
                  c3033380    00000020     sysbios.ae674 : BIOS.obj (.text:ti_sysbios_knl_Idle_loop__E)
                  c30333a0    00000020                   : BIOS.obj (.text:ti_sysbios_knl_Queue_Instance_init__E)
                  c30333c0    00000020     UIA_StopMode_Template_pe674.oe674 (.text:ti_sysbios_knl_Queue_Object__get__S)
                  c30333e0    00000020     UIA_StopMode_Template_pe674.oe674 (.text:ti_sysbios_knl_Queue_destruct)
                  c3033400    00000020     sysbios.ae674 : BIOS.obj (.text:ti_sysbios_knl_Queue_empty__E)
                  c3033420    00000020                   : BIOS.obj (.text:ti_sysbios_knl_Semaphore_Instance_finalize__E)
                  c3033440    00000020                   : BIOS.obj (.text:ti_sysbios_knl_Swi_disable__E)
                  c3033460    00000020                   : BIOS.obj (.text:ti_sysbios_knl_Task_disable__E)
                  c3033480    00000020                   : BIOS.obj (.text:ti_sysbios_knl_Task_getHookContext__E)
                  c30334a0    00000020                   : BIOS.obj (.text:ti_sysbios_knl_Task_startup__E)
                  c30334c0    00000020     UIA_StopMode_Template_pe674.oe674 (.text:ti_sysbios_timers_timer64_Timer_Module__startupDone__F)
                  c30334e0    00000020     sysbios.ae674 : BIOS.obj (.text:ti_sysbios_timers_timer64_Timer_getMaxTicks__E)
                  c3033500    00000020                   : BIOS.obj (.text:ti_sysbios_utils_Load_taskRegHook__E)
                  c3033520    00000020     ti.uia.loggers.ae674 : LoggerStopMode.oe674 (.text:ti_uia_loggers_LoggerStopMode_getContents__E)
                  c3033540    00000020     UIA_StopMode_Template_pe674.oe674 (.text:ti_uia_loggers_LoggerStopMode_getFilterLevel__E)
                  c3033560    00000020     ti.uia.loggers.ae674 : LoggerStopMode.oe674 (.text:ti_uia_loggers_LoggerStopMode_getInstanceId__E)
                  c3033580    00000020                          : LoggerStopMode.oe674 (.text:ti_uia_loggers_LoggerStopMode_getMaxLength__E)
                  c30335a0    00000020                          : LoggerStopMode.oe674 (.text:ti_uia_loggers_LoggerStopMode_getPriority__E)
                  c30335c0    00000020                          : LoggerStopMode.oe674 (.text:ti_uia_loggers_LoggerStopMode_getTransferType__E)
                  c30335e0    00000020                          : LoggerStopMode.oe674 (.text:ti_uia_loggers_LoggerStopMode_isEmpty__E)
                  c3033600    00000020     UIA_StopMode_Template_pe674.oe674 (.text:ti_uia_loggers_LoggerStopMode_setFilterLevel__E)
                  c3033620    00000020     ti.uia.loggers.ae674 : LoggerStopMode.oe674 (.text:ti_uia_loggers_LoggerStopMode_setPriority__E)
                  c3033640    00000020     ti.targets.rts6000.ae674 : Error.oe674 (.text:xdc_runtime_Error_getSite__E)
                  c3033660    00000020                              : Error.oe674 (.text:xdc_runtime_Error_raiseX__E)
                  c3033680    00000020                              : Gate.oe674 (.text:xdc_runtime_Gate_enterSystem__E)
                  c30336a0    00000020                              : Gate.oe674 (.text:xdc_runtime_Gate_leaveSystem__E)
                  c30336c0    00000020     UIA_StopMode_Template_pe674.oe674 (.text:xdc_runtime_IHeap_alloc)
                  c30336e0    00000020     UIA_StopMode_Template_pe674.oe674 (.text:xdc_runtime_IHeap_free)
                  c3033700    00000020     ti.targets.rts6000.ae674 : Memory.oe674 (.text:xdc_runtime_Memory_calloc__E)
                  c3033720    00000020                              : Memory.oe674 (.text:xdc_runtime_Memory_free__E)
                  c3033740    00000020                              : Memory.oe674 (.text:xdc_runtime_Memory_getMaxDefaultTypeAlign__E)
                  c3033760    00000020     UIA_StopMode_Template_pe674.oe674 (.text:xdc_runtime_Startup_exec__I)
                  c3033780    00000020     UIA_StopMode_Template_pe674.oe674 (.text:xdc_runtime_Startup_reset__I)
                  c30337a0    00000020     ti.targets.rts6000.ae674 : Startup.oe674 (.text:xdc_runtime_Startup_rtsDone__E)
                  c30337c0    00000020                              : SysMin.oe674 (.text:xdc_runtime_SysMin_ready__E)
                  c30337e0    00000020     UIA_StopMode_Template_pe674.oe674 (.text:xdc_runtime_System_Module_GateProxy_enter__E)
                  c3033800    00000020     UIA_StopMode_Template_pe674.oe674 (.text:xdc_runtime_System_Module_GateProxy_leave__E)
                  c3033820    00000020     ti.targets.rts6000.ae674 : System.oe674 (.text:xdc_runtime_System_Module_startup__E)
                  c3033840    00000020                              : System.oe674 (.text:xdc_runtime_System_vsnprintf__E)
                  c3033860    00000020                              : Text.oe674 (.text:xdc_runtime_Text_ropeText__E)
                  c3033880    00000020     UIA_StopMode_Template_pe674.oe674 (.text:xdc_runtime_Text_visitRope__I)

.fardata.4 
*          0    c30338a0    000091fc     UNINITIALIZED
                  c30338a0    00001bf0     main.obj (.fardata:HB_signal)
                  c3035490    00001bf0     main.obj (.fardata:energy)
                  c3037080    00001bf0     main.obj (.fardata:temp2)
                  c3038c70    00001bf0     main.obj (.fardata:temp)
                  c303a860    00001bf0     main.obj (.fardata:totzaa)
                  c303c450    000000c0     UIA_StopMode_Template_pe674.oe674 (.fardata:ti_sysbios_knl_Task_Object__table__V)
                  c303c510    000000a0     main.obj (.fardata:buffer)
                  c303c5b0    000000a0     UIA_StopMode_Template_pe674.oe674 (.fardata:ti_sysbios_timers_timer64_Timer_Object__table__V)
                  c303c650    0000009c     UIA_StopMode_Template_pe674.oe674 (.fardata:ti_uia_loggers_LoggerStopMode_Object__table__V)
                  c303c6ec    00000004     rts6740_elf.lib : _lock.c.obj (.fardata:_lock)
                  c303c6f0    00000080     UIA_StopMode_Template_pe674.oe674 (.fardata:ti_sysbios_knl_Swi_Module_State_0_readyQ__A)
                  c303c770    00000080     UIA_StopMode_Template_pe674.oe674 (.fardata:ti_sysbios_knl_Task_Module_State_0_readyQ__A)
                  c303c7f0    00000060     UIA_StopMode_Template_pe674.oe674 (.fardata:ti_sysbios_knl_Swi_Object__table__V)
                  c303c850    00000060     UIA_StopMode_Template_pe674.oe674 (.fardata:ti_sysbios_timers_timer64_Timer_Module_State_0_device__A)
                  c303c8b0    00000040     UIA_StopMode_Template_pe674.oe674 (.fardata:ti_sysbios_gates_GateMutex_Object__table__V)
                  c303c8f0    00000038     UIA_StopMode_Template_pe674.oe674 (.fardata:ti_sysbios_utils_Load_Module_State_0_taskEnv__A)
                  c303c928    00000030     UIA_StopMode_Template_pe674.oe674 (.fardata:ti_sysbios_family_c64p_Hwi_Object__table__V)
                  c303c958    00000020     UIA_StopMode_Template_pe674.oe674 (.fardata:ti_sysbios_timers_timer64_Timer_Module_State_0_gctrl__A)
                  c303c978    00000020     UIA_StopMode_Template_pe674.oe674 (.fardata:ti_sysbios_timers_timer64_Timer_Module_State_0_handles__A)
                  c303c998    00000020     UIA_StopMode_Template_pe674.oe674 (.fardata:ti_sysbios_timers_timer64_Timer_Module_State_0_intFreqs__A)
                  c303c9b8    00000020     UIA_StopMode_Template_pe674.oe674 (.fardata:xdc_runtime_Error_IgnoreBlock)
                  c303c9d8    00000020     UIA_StopMode_Template_pe674.oe674 (.fardata:xdc_runtime_System_Module_State_0_atexitHandlers__A)
                  c303c9f8    00000018     UIA_StopMode_Template_pe674.oe674 (.fardata:ti_sysbios_knl_Semaphore_Object__table__V)
                  c303ca10    00000010     UIA_StopMode_Template_pe674.oe674 (.fardata:ti_sysbios_hal_Hwi_Object__table__V)
                  c303ca20    0000000c     rts6740_elf.lib : exit.c.obj (.fardata)
                  c303ca2c    0000000c     UIA_StopMode_Template_pe674.oe674 (.fardata:ti_sysbios_knl_Task_Module__root__V)
                  c303ca38    00000008     UIA_StopMode_Template_pe674.oe674 (.fardata:ti_sysbios_family_c64p_primus_TimerSupport_Module_State_0_suspSrc__A)
                  c303ca40    00000008     UIA_StopMode_Template_pe674.oe674 (.fardata:ti_sysbios_gates_GateHwi_Module__root__V)
                  c303ca48    00000008     UIA_StopMode_Template_pe674.oe674 (.fardata:ti_sysbios_gates_GateMutex_Module__root__V)
                  c303ca50    00000008     UIA_StopMode_Template_pe674.oe674 (.fardata:ti_sysbios_hal_Timer_Object__table__V)
                  c303ca58    00000008     UIA_StopMode_Template_pe674.oe674 (.fardata:ti_sysbios_heaps_HeapMem_Module__root__V)
                  c303ca60    00000008     UIA_StopMode_Template_pe674.oe674 (.fardata:ti_sysbios_knl_Queue_Module__root__V)
                  c303ca68    00000008     UIA_StopMode_Template_pe674.oe674 (.fardata:ti_sysbios_knl_Semaphore_Module__root__V)
                  c303ca70    00000008     UIA_StopMode_Template_pe674.oe674 (.fardata:ti_uia_loggers_LoggerStopMode_Module__root__V)
                  c303ca78    00000004     rts6740_elf.lib : _lock.c.obj (.fardata:_unlock)
                  c303ca7c    00000004     --HOLE--
                  c303ca80    00000004     UIA_StopMode_Template_pe674.oe674 (.fardata:ti_sysbios_gates_GateHwi_Object__table__V)
                  c303ca84    00000004     --HOLE--
                  c303ca88    00000004     UIA_StopMode_Template_pe674.oe674 (.fardata:ti_sysbios_knl_Task_Module_State_0_idleTask__A)
                  c303ca8c    00000004     --HOLE--
                  c303ca90    00000004     UIA_StopMode_Template_pe674.oe674 (.fardata:ti_sysbios_utils_Load_Module_State_0_runningTask__A)
                  c303ca94    00000004     --HOLE--
                  c303ca98    00000004     UIA_StopMode_Template_pe674.oe674 (.fardata:ti_sysbios_utils_Load_Module_State_0_taskStartTime__A)

.const     0    c303caa0    00002ebe     
                  c303caa0    00002061     UIA_StopMode_Template_pe674.oe674 (.const:xdc_runtime_Text_charTab__A)
                  c303eb01    00000001     UIA_StopMode_Template_pe674.oe674 (.const:ti_sysbios_timers_timer64_Timer_localTimerBaseId__C)
                  c303eb02    00000002     UIA_StopMode_Template_pe674.oe674 (.const:ti_sysbios_family_c64p_Cache_Module__id__C)
                  c303eb04    00000518     sysbios.ae674 : BIOS.obj (.const:.string)
                  c303f01c    00000004     ti.targets.rts6000.ae674 : Assert.oe674 (.const:.string)
                  c303f020    00000110     UIA_StopMode_Template_pe674.oe674 (.const:xdc_runtime_Text_nodeTab__A)
                  c303f130    00000074     UIA_StopMode_Template_pe674.oe674 (.const:.string)
                  c303f1a4    00000060     UIA_StopMode_Template_pe674.oe674 (.const:ti_uia_loggers_LoggerStopMode_Module__FXNS__C)
                  c303f204    00000058     ti.targets.rts6000.ae674 : Error.oe674 (.const:.string)
                  c303f25c    00000040                              : Text.oe674 (.const:.string)
                  c303f29c    00000004     UIA_StopMode_Template_pe674.oe674 (.const:ti_sysbios_family_c64p_Cache_E_invalidL1CacheSize__C)
                  c303f2a0    0000003c     main.obj (.const:DEN_high)
                  c303f2dc    00000004     UIA_StopMode_Template_pe674.oe674 (.const:ti_sysbios_family_c64p_Cache_E_invalidL2CacheSize__C)
                  c303f2e0    0000003c     main.obj (.const:DEN_low)
                  c303f31c    00000004     UIA_StopMode_Template_pe674.oe674 (.const:ti_sysbios_family_c64p_Cache_MAR0_31__C)
                  c303f320    0000003c     main.obj (.const:NUM_high)
                  c303f35c    00000004     UIA_StopMode_Template_pe674.oe674 (.const:ti_sysbios_family_c64p_Cache_MAR128_159__C)
                  c303f360    0000003c     main.obj (.const:NUM_low)
                  c303f39c    00000004     UIA_StopMode_Template_pe674.oe674 (.const:ti_sysbios_family_c64p_Cache_MAR160_191__C)
                  c303f3a0    00000034     UIA_StopMode_Template_pe674.oe674 (.const:xdc_runtime_Startup_sfxnTab__A)
                  c303f3d4    00000030     UIA_StopMode_Template_pe674.oe674 (.const:ti_uia_loggers_LoggerStopMode_Object__PARAMS__C)
                  c303f404    0000002c     ti.targets.rts6000.ae674 : Startup.oe674 (.const:.string)
                  c303f430    00000028     UIA_StopMode_Template_pe674.oe674 (.const:ti_sysbios_heaps_HeapMem_Module__FXNS__C)
                  c303f458    00000024     UIA_StopMode_Template_pe674.oe674 (.const:ti_sysbios_gates_GateHwi_Module__FXNS__C)
                  c303f47c    00000024     UIA_StopMode_Template_pe674.oe674 (.const:ti_sysbios_gates_GateMutex_Module__FXNS__C)
                  c303f4a0    00000024     UIA_StopMode_Template_pe674.oe674 (.const:ti_sysbios_heaps_HeapMem_Object__PARAMS__C)
                  c303f4c4    00000024     UIA_StopMode_Template_pe674.oe674 (.const:ti_sysbios_knl_Semaphore_Object__PARAMS__C)
                  c303f4e8    00000020     UIA_StopMode_Template_pe674.oe674 (.const:ti_sysbios_gates_GateHwi_Object__DESC__C)
                  c303f508    00000020     UIA_StopMode_Template_pe674.oe674 (.const:ti_sysbios_gates_GateMutex_Object__DESC__C)
                  c303f528    00000020     UIA_StopMode_Template_pe674.oe674 (.const:ti_sysbios_heaps_HeapMem_Object__DESC__C)
                  c303f548    00000020     UIA_StopMode_Template_pe674.oe674 (.const:ti_sysbios_knl_Queue_Object__DESC__C)
                  c303f568    00000020     UIA_StopMode_Template_pe674.oe674 (.const:ti_sysbios_knl_Semaphore_Object__DESC__C)
                  c303f588    00000020     UIA_StopMode_Template_pe674.oe674 (.const:ti_uia_loggers_LoggerStopMode_Object__DESC__C)
                  c303f5a8    0000001a     UIA_StopMode_Template_pe674.oe674 (.const:xdc_runtime_Startup_sfxnRts__A)
                  c303f5c2    00000002     UIA_StopMode_Template_pe674.oe674 (.const:ti_sysbios_family_c64p_Exception_Module__id__C)
                  c303f5c4    00000018     main.obj (.const:.string)
                  c303f5dc    00000018     ti.targets.rts6000.ae674 : System.oe674 (.const:.string)
                  c303f5f4    00000018     UIA_StopMode_Template_pe674.oe674 (.const:ti_sysbios_gates_GateHwi_Object__PARAMS__C)
                  c303f60c    00000018     UIA_StopMode_Template_pe674.oe674 (.const:ti_sysbios_gates_GateMutex_Object__PARAMS__C)
                  c303f624    00000018     UIA_StopMode_Template_pe674.oe674 (.const:ti_sysbios_knl_Queue_Object__PARAMS__C)
                  c303f63c    00000004     UIA_StopMode_Template_pe674.oe674 (.const:ti_sysbios_family_c64p_Cache_MAR192_223__C)
                  c303f640    00000018     UIA_StopMode_Template_pe674.oe674 (.const:ti_sysbios_knl_Swi_hooks__A)
                  c303f658    00000018     UIA_StopMode_Template_pe674.oe674 (.const:ti_sysbios_knl_Task_hooks__A)
                  c303f670    00000014     UIA_StopMode_Template_pe674.oe674 (.const:ti_sysbios_family_c64p_Hwi_hooks__A)
                  c303f684    00000008     UIA_StopMode_Template_pe674.oe674 (.const:ti_sysbios_family_c64p_Hwi_hooks__C)
                  c303f68c    00000004     UIA_StopMode_Template_pe674.oe674 (.const:ti_sysbios_family_c64p_Cache_MAR224_255__C)
                  c303f690    00000008     UIA_StopMode_Template_pe674.oe674 (.const:ti_sysbios_knl_Idle_funcList__A)
                  c303f698    00000008     UIA_StopMode_Template_pe674.oe674 (.const:ti_sysbios_knl_Idle_funcList__C)
                  c303f6a0    00000008     UIA_StopMode_Template_pe674.oe674 (.const:ti_sysbios_knl_Swi_hooks__C)
                  c303f6a8    00000008     UIA_StopMode_Template_pe674.oe674 (.const:ti_sysbios_knl_Task_hooks__C)
                  c303f6b0    00000008     UIA_StopMode_Template_pe674.oe674 (.const:xdc_runtime_Startup_firstFxns__A)
                  c303f6b8    00000008     UIA_StopMode_Template_pe674.oe674 (.const:xdc_runtime_Startup_firstFxns__C)
                  c303f6c0    00000008     UIA_StopMode_Template_pe674.oe674 (.const:xdc_runtime_Startup_lastFxns__C)
                  c303f6c8    00000004     UIA_StopMode_Template_pe674.oe674 (.const:ti_sysbios_family_c64p_Cache_MAR32_63__C)
                  c303f6cc    00000004     UIA_StopMode_Template_pe674.oe674 (.const:ti_sysbios_family_c64p_Cache_MAR64_95__C)
                  c303f6d0    00000004     UIA_StopMode_Template_pe674.oe674 (.const:ti_sysbios_family_c64p_Cache_MAR96_127__C)
                  c303f6d4    00000004     UIA_StopMode_Template_pe674.oe674 (.const:ti_sysbios_family_c64p_Exception_E_exceptionMax__C)
                  c303f6d8    00000004     UIA_StopMode_Template_pe674.oe674 (.const:ti_sysbios_family_c64p_Exception_exceptionHook__C)
                  c303f6dc    00000004     UIA_StopMode_Template_pe674.oe674 (.const:ti_sysbios_family_c64p_Exception_externalHook__C)
                  c303f6e0    00000004     UIA_StopMode_Template_pe674.oe674 (.const:ti_sysbios_family_c64p_Exception_internalHook__C)
                  c303f6e4    00000004     UIA_StopMode_Template_pe674.oe674 (.const:ti_sysbios_family_c64p_Exception_nmiHook__C)
                  c303f6e8    00000004     UIA_StopMode_Template_pe674.oe674 (.const:ti_sysbios_family_c64p_Hwi_LD_end__C)
                  c303f6ec    00000004     UIA_StopMode_Template_pe674.oe674 (.const:ti_sysbios_family_c64p_Hwi_LM_begin__C)
                  c303f6f0    00000004     UIA_StopMode_Template_pe674.oe674 (.const:ti_sysbios_family_c64p_Hwi_Module__diagsEnabled__C)
                  c303f6f4    00000004     UIA_StopMode_Template_pe674.oe674 (.const:ti_sysbios_family_c64p_Hwi_Module__diagsIncluded__C)
                  c303f6f8    00000004     UIA_StopMode_Template_pe674.oe674 (.const:ti_sysbios_family_c64p_Hwi_Module__diagsMask__C)
                  c303f6fc    00000004     UIA_StopMode_Template_pe674.oe674 (.const:ti_sysbios_family_c64p_Hwi_Module__loggerFxn1__C)
                  c303f700    00000004     UIA_StopMode_Template_pe674.oe674 (.const:ti_sysbios_family_c64p_Hwi_Module__loggerFxn8__C)
                  c303f704    00000004     UIA_StopMode_Template_pe674.oe674 (.const:ti_sysbios_family_c64p_Hwi_Module__loggerObj__C)
                  c303f708    00000004     UIA_StopMode_Template_pe674.oe674 (.const:ti_sysbios_gates_GateMutex_A_badContext__C)
                  c303f70c    00000004     UIA_StopMode_Template_pe674.oe674 (.const:ti_sysbios_gates_GateMutex_Instance_State_sem__O)
                  c303f710    00000004     UIA_StopMode_Template_pe674.oe674 (.const:ti_sysbios_gates_GateMutex_Module__diagsEnabled__C)
                  c303f714    00000004     UIA_StopMode_Template_pe674.oe674 (.const:ti_sysbios_gates_GateMutex_Module__diagsIncluded__C)
                  c303f718    00000004     UIA_StopMode_Template_pe674.oe674 (.const:ti_sysbios_gates_GateMutex_Module__diagsMask__C)
                  c303f71c    00000004     UIA_StopMode_Template_pe674.oe674 (.const:ti_sysbios_hal_Hwi_E_stackOverflow__C)
                  c303f720    00000004     UIA_StopMode_Template_pe674.oe674 (.const:ti_sysbios_heaps_HeapMem_A_align__C)
                  c303f724    00000004     UIA_StopMode_Template_pe674.oe674 (.const:ti_sysbios_heaps_HeapMem_A_heapSize__C)
                  c303f728    00000004     UIA_StopMode_Template_pe674.oe674 (.const:ti_sysbios_heaps_HeapMem_A_invalidFree__C)
                  c303f72c    00000004     UIA_StopMode_Template_pe674.oe674 (.const:ti_sysbios_heaps_HeapMem_A_zeroBlock__C)
                  c303f730    00000004     UIA_StopMode_Template_pe674.oe674 (.const:ti_sysbios_heaps_HeapMem_E_memory__C)
                  c303f734    00000004     UIA_StopMode_Template_pe674.oe674 (.const:ti_sysbios_heaps_HeapMem_Module__diagsEnabled__C)
                  c303f738    00000004     UIA_StopMode_Template_pe674.oe674 (.const:ti_sysbios_heaps_HeapMem_Module__diagsIncluded__C)
                  c303f73c    00000004     UIA_StopMode_Template_pe674.oe674 (.const:ti_sysbios_heaps_HeapMem_Module__diagsMask__C)
                  c303f740    00000004     UIA_StopMode_Template_pe674.oe674 (.const:ti_sysbios_heaps_HeapMem_Module__gateObj__C)
                  c303f744    00000004     UIA_StopMode_Template_pe674.oe674 (.const:ti_sysbios_heaps_HeapMem_Object__count__C)
                  c303f748    00000004     UIA_StopMode_Template_pe674.oe674 (.const:ti_sysbios_heaps_HeapMem_reqAlign__C)
                  c303f74c    00000004     UIA_StopMode_Template_pe674.oe674 (.const:ti_sysbios_knl_Clock_LM_begin__C)
                  c303f750    00000004     UIA_StopMode_Template_pe674.oe674 (.const:ti_sysbios_knl_Clock_LM_tick__C)
                  c303f754    00000004     UIA_StopMode_Template_pe674.oe674 (.const:ti_sysbios_knl_Clock_LW_delayed__C)
                  c303f758    00000004     UIA_StopMode_Template_pe674.oe674 (.const:ti_sysbios_knl_Clock_Module_State_clockQ__O)
                  c303f75c    00000004     UIA_StopMode_Template_pe674.oe674 (.const:ti_sysbios_knl_Clock_Module__diagsEnabled__C)
                  c303f760    00000004     UIA_StopMode_Template_pe674.oe674 (.const:ti_sysbios_knl_Clock_Module__diagsIncluded__C)
                  c303f764    00000004     UIA_StopMode_Template_pe674.oe674 (.const:ti_sysbios_knl_Clock_Module__diagsMask__C)
                  c303f768    00000004     UIA_StopMode_Template_pe674.oe674 (.const:ti_sysbios_knl_Clock_Module__loggerFxn1__C)
                  c303f76c    00000004     UIA_StopMode_Template_pe674.oe674 (.const:ti_sysbios_knl_Clock_Module__loggerFxn2__C)
                  c303f770    00000004     UIA_StopMode_Template_pe674.oe674 (.const:ti_sysbios_knl_Clock_Module__loggerObj__C)
                  c303f774    00000004     UIA_StopMode_Template_pe674.oe674 (.const:ti_sysbios_knl_Semaphore_A_badContext__C)
                  c303f778    00000004     UIA_StopMode_Template_pe674.oe674 (.const:ti_sysbios_knl_Semaphore_A_noEvents__C)
                  c303f77c    00000004     UIA_StopMode_Template_pe674.oe674 (.const:ti_sysbios_knl_Semaphore_A_overflow__C)
                  c303f780    00000004     UIA_StopMode_Template_pe674.oe674 (.const:ti_sysbios_knl_Semaphore_A_pendTaskDisabled__C)
                  c303f784    00000004     UIA_StopMode_Template_pe674.oe674 (.const:ti_sysbios_knl_Semaphore_Instance_State_pendQ__O)
                  c303f788    00000004     UIA_StopMode_Template_pe674.oe674 (.const:ti_sysbios_knl_Semaphore_LM_pend__C)
                  c303f78c    00000004     UIA_StopMode_Template_pe674.oe674 (.const:ti_sysbios_knl_Semaphore_LM_post__C)
                  c303f790    00000004     UIA_StopMode_Template_pe674.oe674 (.const:ti_sysbios_knl_Semaphore_Module__diagsEnabled__C)
                  c303f794    00000004     UIA_StopMode_Template_pe674.oe674 (.const:ti_sysbios_knl_Semaphore_Module__diagsIncluded__C)
                  c303f798    00000004     UIA_StopMode_Template_pe674.oe674 (.const:ti_sysbios_knl_Semaphore_Module__diagsMask__C)
                  c303f79c    00000004     UIA_StopMode_Template_pe674.oe674 (.const:ti_sysbios_knl_Semaphore_Module__loggerFxn2__C)
                  c303f7a0    00000004     UIA_StopMode_Template_pe674.oe674 (.const:ti_sysbios_knl_Semaphore_Module__loggerFxn4__C)
                  c303f7a4    00000004     UIA_StopMode_Template_pe674.oe674 (.const:ti_sysbios_knl_Semaphore_Module__loggerObj__C)
                  c303f7a8    00000004     UIA_StopMode_Template_pe674.oe674 (.const:ti_sysbios_knl_Swi_LD_end__C)
                  c303f7ac    00000004     UIA_StopMode_Template_pe674.oe674 (.const:ti_sysbios_knl_Swi_LM_begin__C)
                  c303f7b0    00000004     UIA_StopMode_Template_pe674.oe674 (.const:ti_sysbios_knl_Swi_LM_post__C)
                  c303f7b4    00000004     UIA_StopMode_Template_pe674.oe674 (.const:ti_sysbios_knl_Swi_Module__diagsEnabled__C)
                  c303f7b8    00000004     UIA_StopMode_Template_pe674.oe674 (.const:ti_sysbios_knl_Swi_Module__diagsIncluded__C)
                  c303f7bc    00000004     UIA_StopMode_Template_pe674.oe674 (.const:ti_sysbios_knl_Swi_Module__diagsMask__C)
                  c303f7c0    00000004     UIA_StopMode_Template_pe674.oe674 (.const:ti_sysbios_knl_Swi_Module__loggerFxn1__C)
                  c303f7c4    00000004     UIA_StopMode_Template_pe674.oe674 (.const:ti_sysbios_knl_Swi_Module__loggerFxn4__C)
                  c303f7c8    00000004     UIA_StopMode_Template_pe674.oe674 (.const:ti_sysbios_knl_Swi_Module__loggerObj__C)
                  c303f7cc    00000004     UIA_StopMode_Template_pe674.oe674 (.const:ti_sysbios_knl_Swi_Object__count__C)
                  c303f7d0    00000004     UIA_StopMode_Template_pe674.oe674 (.const:ti_sysbios_knl_Swi_numConstructedSwis__C)
                  c303f7d4    00000004     UIA_StopMode_Template_pe674.oe674 (.const:ti_sysbios_knl_Task_E_spOutOfBounds__C)
                  c303f7d8    00000004     UIA_StopMode_Template_pe674.oe674 (.const:ti_sysbios_knl_Task_E_stackOverflow__C)
                  c303f7dc    00000004     UIA_StopMode_Template_pe674.oe674 (.const:ti_sysbios_knl_Task_LD_block__C)
                  c303f7e0    00000004     UIA_StopMode_Template_pe674.oe674 (.const:ti_sysbios_knl_Task_LD_exit__C)
                  c303f7e4    00000004     UIA_StopMode_Template_pe674.oe674 (.const:ti_sysbios_knl_Task_LD_ready__C)
                  c303f7e8    00000004     UIA_StopMode_Template_pe674.oe674 (.const:ti_sysbios_knl_Task_LM_switch__C)
                  c303f7ec    00000004     UIA_StopMode_Template_pe674.oe674 (.const:ti_sysbios_knl_Task_Module_State_inactiveQ__O)
                  c303f7f0    00000004     UIA_StopMode_Template_pe674.oe674 (.const:ti_sysbios_knl_Task_Module__diagsEnabled__C)
                  c303f7f4    00000004     UIA_StopMode_Template_pe674.oe674 (.const:ti_sysbios_knl_Task_Module__diagsIncluded__C)
                  c303f7f8    00000004     UIA_StopMode_Template_pe674.oe674 (.const:ti_sysbios_knl_Task_Module__diagsMask__C)
                  c303f7fc    00000004     UIA_StopMode_Template_pe674.oe674 (.const:ti_sysbios_knl_Task_Module__loggerFxn2__C)
                  c303f800    00000004     UIA_StopMode_Template_pe674.oe674 (.const:ti_sysbios_knl_Task_Module__loggerFxn4__C)
                  c303f804    00000004     UIA_StopMode_Template_pe674.oe674 (.const:ti_sysbios_knl_Task_Module__loggerObj__C)
                  c303f808    00000004     UIA_StopMode_Template_pe674.oe674 (.const:ti_sysbios_knl_Task_Object__count__C)
                  c303f80c    00000004     UIA_StopMode_Template_pe674.oe674 (.const:ti_sysbios_knl_Task_Object__heap__C)
                  c303f810    00000004     UIA_StopMode_Template_pe674.oe674 (.const:ti_sysbios_knl_Task_allBlockedFunc__C)
                  c303f814    00000004     UIA_StopMode_Template_pe674.oe674 (.const:ti_sysbios_knl_Task_numConstructedTasks__C)
                  c303f818    00000004     UIA_StopMode_Template_pe674.oe674 (.const:ti_sysbios_timers_timer64_Timer_A_notAvailable__C)
                  c303f81c    00000004     UIA_StopMode_Template_pe674.oe674 (.const:ti_sysbios_timers_timer64_Timer_E_cannotSupport__C)
                  c303f820    00000004     UIA_StopMode_Template_pe674.oe674 (.const:ti_sysbios_timers_timer64_Timer_Module__diagsEnabled__C)
                  c303f824    00000004     UIA_StopMode_Template_pe674.oe674 (.const:ti_sysbios_timers_timer64_Timer_Module__diagsIncluded__C)
                  c303f828    00000004     UIA_StopMode_Template_pe674.oe674 (.const:ti_sysbios_timers_timer64_Timer_Module__diagsMask__C)
                  c303f82c    00000004     UIA_StopMode_Template_pe674.oe674 (.const:ti_sysbios_timers_timer64_Timer_anyMaskHigh__C)
                  c303f830    00000004     UIA_StopMode_Template_pe674.oe674 (.const:ti_sysbios_timers_timer64_Timer_anyMask__C)
                  c303f834    00000004     UIA_StopMode_Template_pe674.oe674 (.const:ti_sysbios_timers_timer64_Timer_freqDivisor__C)
                  c303f838    00000004     UIA_StopMode_Template_pe674.oe674 (.const:ti_sysbios_timers_timer64_Timer_numLocalTimers__C)
                  c303f83c    00000004     UIA_StopMode_Template_pe674.oe674 (.const:ti_sysbios_timers_timer64_Timer_numTimerDevices__C)
                  c303f840    00000004     UIA_StopMode_Template_pe674.oe674 (.const:ti_sysbios_utils_Load_LS_cpuLoad__C)
                  c303f844    00000004     UIA_StopMode_Template_pe674.oe674 (.const:ti_sysbios_utils_Load_LS_hwiLoad__C)
                  c303f848    00000004     UIA_StopMode_Template_pe674.oe674 (.const:ti_sysbios_utils_Load_LS_swiLoad__C)
                  c303f84c    00000004     UIA_StopMode_Template_pe674.oe674 (.const:ti_sysbios_utils_Load_LS_taskLoad__C)
                  c303f850    00000004     UIA_StopMode_Template_pe674.oe674 (.const:ti_sysbios_utils_Load_Module_State_taskList__O)
                  c303f854    00000004     UIA_StopMode_Template_pe674.oe674 (.const:ti_sysbios_utils_Load_Module__diagsEnabled__C)
                  c303f858    00000004     UIA_StopMode_Template_pe674.oe674 (.const:ti_sysbios_utils_Load_Module__diagsIncluded__C)
                  c303f85c    00000004     UIA_StopMode_Template_pe674.oe674 (.const:ti_sysbios_utils_Load_Module__diagsMask__C)
                  c303f860    00000004     UIA_StopMode_Template_pe674.oe674 (.const:ti_sysbios_utils_Load_Module__loggerFxn1__C)
                  c303f864    00000004     UIA_StopMode_Template_pe674.oe674 (.const:ti_sysbios_utils_Load_Module__loggerFxn2__C)
                  c303f868    00000004     UIA_StopMode_Template_pe674.oe674 (.const:ti_sysbios_utils_Load_Module__loggerFxn4__C)
                  c303f86c    00000004     UIA_StopMode_Template_pe674.oe674 (.const:ti_sysbios_utils_Load_Module__loggerObj__C)
                  c303f870    00000004     UIA_StopMode_Template_pe674.oe674 (.const:ti_sysbios_utils_Load_postUpdate__C)
                  c303f874    00000004     UIA_StopMode_Template_pe674.oe674 (.const:ti_sysbios_utils_Load_windowInMs__C)
                  c303f878    00000004     UIA_StopMode_Template_pe674.oe674 (.const:ti_uia_loggers_LoggerStopMode_Module__diagsEnabled__C)
                  c303f87c    00000004     UIA_StopMode_Template_pe674.oe674 (.const:ti_uia_loggers_LoggerStopMode_Module__diagsIncluded__C)
                  c303f880    00000004     UIA_StopMode_Template_pe674.oe674 (.const:ti_uia_loggers_LoggerStopMode_Module__diagsMask__C)
                  c303f884    00000004     UIA_StopMode_Template_pe674.oe674 (.const:ti_uia_loggers_LoggerStopMode_Object__count__C)
                  c303f888    00000004     UIA_StopMode_Template_pe674.oe674 (.const:ti_uia_loggers_LoggerStopMode_numCores__C)
                  c303f88c    00000004     UIA_StopMode_Template_pe674.oe674 (.const:ti_uia_runtime_ILoggerSnapshot_Interface__BASE__C)
                  c303f890    00000004     UIA_StopMode_Template_pe674.oe674 (.const:ti_uia_runtime_IUIATransfer_Interface__BASE__C)
                  c303f894    00000004     UIA_StopMode_Template_pe674.oe674 (.const:xdc_runtime_Assert_E_assertFailed__C)
                  c303f898    00000004     UIA_StopMode_Template_pe674.oe674 (.const:xdc_runtime_Core_A_initializedParams__C)
                  c303f89c    00000004     UIA_StopMode_Template_pe674.oe674 (.const:xdc_runtime_Core_Module__diagsEnabled__C)
                  c303f8a0    00000004     UIA_StopMode_Template_pe674.oe674 (.const:xdc_runtime_Core_Module__diagsIncluded__C)
                  c303f8a4    00000004     UIA_StopMode_Template_pe674.oe674 (.const:xdc_runtime_Core_Module__diagsMask__C)
                  c303f8a8    00000004     UIA_StopMode_Template_pe674.oe674 (.const:xdc_runtime_Error_E_memory__C)
                  c303f8ac    00000004     UIA_StopMode_Template_pe674.oe674 (.const:xdc_runtime_Error_Module__diagsEnabled__C)
                  c303f8b0    00000004     UIA_StopMode_Template_pe674.oe674 (.const:xdc_runtime_Error_Module__diagsIncluded__C)
                  c303f8b4    00000004     UIA_StopMode_Template_pe674.oe674 (.const:xdc_runtime_Error_Module__diagsMask__C)
                  c303f8b8    00000004     UIA_StopMode_Template_pe674.oe674 (.const:xdc_runtime_Error_Module__loggerFxn8__C)
                  c303f8bc    00000004     UIA_StopMode_Template_pe674.oe674 (.const:xdc_runtime_Error_Module__loggerObj__C)
                  c303f8c0    00000004     UIA_StopMode_Template_pe674.oe674 (.const:xdc_runtime_Error_policyFxn__C)
                  c303f8c4    00000004     UIA_StopMode_Template_pe674.oe674 (.const:xdc_runtime_Error_policy__C)
                  c303f8c8    00000004     UIA_StopMode_Template_pe674.oe674 (.const:xdc_runtime_Error_raiseHook__C)
                  c303f8cc    00000004     UIA_StopMode_Template_pe674.oe674 (.const:xdc_runtime_IFilterLogger_Interface__BASE__C)
                  c303f8d0    00000004     UIA_StopMode_Template_pe674.oe674 (.const:xdc_runtime_IGateProvider_Interface__BASE__C)
                  c303f8d4    00000004     UIA_StopMode_Template_pe674.oe674 (.const:xdc_runtime_IHeap_Interface__BASE__C)
                  c303f8d8    00000004     UIA_StopMode_Template_pe674.oe674 (.const:xdc_runtime_ILogger_Interface__BASE__C)
                  c303f8dc    00000004     UIA_StopMode_Template_pe674.oe674 (.const:xdc_runtime_IModule_Interface__BASE__C)
                  c303f8e0    00000004     UIA_StopMode_Template_pe674.oe674 (.const:xdc_runtime_Log_L_error__C)
                  c303f8e4    00000004     UIA_StopMode_Template_pe674.oe674 (.const:xdc_runtime_Memory_defaultHeapInstance__C)
                  c303f8e8    00000004     UIA_StopMode_Template_pe674.oe674 (.const:xdc_runtime_Startup_execImpl__C)
                  c303f8ec    00000004     UIA_StopMode_Template_pe674.oe674 (.const:xdc_runtime_Startup_maxPasses__C)
                  c303f8f0    00000004     UIA_StopMode_Template_pe674.oe674 (.const:xdc_runtime_Startup_sfxnRts__C)
                  c303f8f4    00000004     UIA_StopMode_Template_pe674.oe674 (.const:xdc_runtime_Startup_sfxnTab__C)
                  c303f8f8    00000004     UIA_StopMode_Template_pe674.oe674 (.const:xdc_runtime_SysMin_bufSize__C)
                  c303f8fc    00000004     UIA_StopMode_Template_pe674.oe674 (.const:xdc_runtime_SysMin_outputFunc__C)
                  c303f900    00000004     UIA_StopMode_Template_pe674.oe674 (.const:xdc_runtime_System_Module__gateObj__C)
                  c303f904    00000004     UIA_StopMode_Template_pe674.oe674 (.const:xdc_runtime_System_abortFxn__C)
                  c303f908    00000004     UIA_StopMode_Template_pe674.oe674 (.const:xdc_runtime_System_exitFxn__C)
                  c303f90c    00000004     UIA_StopMode_Template_pe674.oe674 (.const:xdc_runtime_System_extendFxn__C)
                  c303f910    00000004     UIA_StopMode_Template_pe674.oe674 (.const:xdc_runtime_System_maxAtexitHandlers__C)
                  c303f914    00000004     UIA_StopMode_Template_pe674.oe674 (.const:xdc_runtime_Text_charTab__C)
                  c303f918    00000004     UIA_StopMode_Template_pe674.oe674 (.const:xdc_runtime_Text_nodeTab__C)
                  c303f91c    00000004     UIA_StopMode_Template_pe674.oe674 (.const:xdc_runtime_Text_visitRopeFxn__C)
                  c303f920    00000002     UIA_StopMode_Template_pe674.oe674 (.const:ti_sysbios_family_c64p_Exception_useInternalBuffer__C)
                  c303f922    00000002     UIA_StopMode_Template_pe674.oe674 (.const:ti_sysbios_family_c64p_Hwi_Module__id__C)
                  c303f924    00000002     UIA_StopMode_Template_pe674.oe674 (.const:ti_sysbios_family_c64p_Hwi_Module__loggerDefined__C)
                  c303f926    00000002     UIA_StopMode_Template_pe674.oe674 (.const:ti_sysbios_gates_GateMutex_Module__id__C)
                  c303f928    00000002     UIA_StopMode_Template_pe674.oe674 (.const:ti_sysbios_hal_Hwi_Module__id__C)
                  c303f92a    00000002     UIA_StopMode_Template_pe674.oe674 (.const:ti_sysbios_heaps_HeapMem_Module__id__C)
                  c303f92c    00000002     UIA_StopMode_Template_pe674.oe674 (.const:ti_sysbios_knl_Clock_Module__id__C)
                  c303f92e    00000002     UIA_StopMode_Template_pe674.oe674 (.const:ti_sysbios_knl_Clock_Module__loggerDefined__C)
                  c303f930    00000002     UIA_StopMode_Template_pe674.oe674 (.const:ti_sysbios_knl_Semaphore_Module__id__C)
                  c303f932    00000002     UIA_StopMode_Template_pe674.oe674 (.const:ti_sysbios_knl_Semaphore_Module__loggerDefined__C)
                  c303f934    00000002     UIA_StopMode_Template_pe674.oe674 (.const:ti_sysbios_knl_Swi_Module__id__C)
                  c303f936    00000002     UIA_StopMode_Template_pe674.oe674 (.const:ti_sysbios_knl_Swi_Module__loggerDefined__C)
                  c303f938    00000002     UIA_StopMode_Template_pe674.oe674 (.const:ti_sysbios_knl_Task_Module__id__C)
                  c303f93a    00000002     UIA_StopMode_Template_pe674.oe674 (.const:ti_sysbios_knl_Task_Module__loggerDefined__C)
                  c303f93c    00000002     UIA_StopMode_Template_pe674.oe674 (.const:ti_sysbios_timers_timer64_Timer_Module__id__C)
                  c303f93e    00000002     UIA_StopMode_Template_pe674.oe674 (.const:ti_sysbios_timers_timer64_Timer_startupNeeded__C)
                  c303f940    00000002     UIA_StopMode_Template_pe674.oe674 (.const:ti_sysbios_timers_timer64_Timer_useTimer64pRegMap__C)
                  c303f942    00000002     UIA_StopMode_Template_pe674.oe674 (.const:ti_sysbios_utils_Load_Module__id__C)
                  c303f944    00000002     UIA_StopMode_Template_pe674.oe674 (.const:ti_sysbios_utils_Load_Module__loggerDefined__C)
                  c303f946    00000002     UIA_StopMode_Template_pe674.oe674 (.const:ti_sysbios_utils_Load_autoAddTasks__C)
                  c303f948    00000002     UIA_StopMode_Template_pe674.oe674 (.const:ti_sysbios_utils_Load_updateInIdle__C)
                  c303f94a    00000002     UIA_StopMode_Template_pe674.oe674 (.const:ti_uia_loggers_LoggerStopMode_Module__id__C)
                  c303f94c    00000002     UIA_StopMode_Template_pe674.oe674 (.const:ti_uia_loggers_LoggerStopMode_isTimestampEnabled__C)
                  c303f94e    00000002     UIA_StopMode_Template_pe674.oe674 (.const:xdc_runtime_Core_Module__id__C)
                  c303f950    00000002     UIA_StopMode_Template_pe674.oe674 (.const:xdc_runtime_Error_Module__loggerDefined__C)
                  c303f952    00000002     UIA_StopMode_Template_pe674.oe674 (.const:xdc_runtime_Error_maxDepth__C)
                  c303f954    00000002     UIA_StopMode_Template_pe674.oe674 (.const:xdc_runtime_Memory_Module__id__C)
                  c303f956    00000002     UIA_StopMode_Template_pe674.oe674 (.const:xdc_runtime_SysMin_flushAtExit__C)
                  c303f958    00000002     UIA_StopMode_Template_pe674.oe674 (.const:xdc_runtime_Text_isLoaded__C)
                  c303f95a    00000002     UIA_StopMode_Template_pe674.oe674 (.const:xdc_runtime_Text_registryModsLastId__C)
                  c303f95c    00000002     UIA_StopMode_Template_pe674.oe674 (.const:xdc_runtime_Text_unnamedModsLastId__C)

.data.5    0    c3040960    00000230     UNINITIALIZED
                  c3040960    00000098     UIA_StopMode_Template_pe674.oe674 (.data:ti_sysbios_utils_Load_Module__state__V)
                  c30409f8    0000006c     UIA_StopMode_Template_pe674.oe674 (.data:ti_sysbios_family_c64p_Hwi_Module__state__V)
                  c3040a64    00000048     UIA_StopMode_Template_pe674.oe674 (.data:ti_sysbios_knl_Task_Module__state__V)
                  c3040aac    00000030     UIA_StopMode_Template_pe674.oe674 (.data:ti_sysbios_family_c64p_Exception_Module__state__V)
                  c3040adc    0000002c     UIA_StopMode_Template_pe674.oe674 (.data:ti_sysbios_knl_Clock_Module__state__V)
                  c3040b08    00000024     UIA_StopMode_Template_pe674.oe674 (.data:ti_sysbios_BIOS_Module__state__V)
                  c3040b2c    0000001c     UIA_StopMode_Template_pe674.oe674 (.data:ti_sysbios_knl_Swi_Module__state__V)
                  c3040b48    00000018     UIA_StopMode_Template_pe674.oe674 (.data:ti_sysbios_timers_timer64_Timer_Module__state__V)
                  c3040b60    0000000c     UIA_StopMode_Template_pe674.oe674 (.data:ti_uia_runtime_QueueDescriptor_Module__state__V)
                  c3040b6c    0000000c     UIA_StopMode_Template_pe674.oe674 (.data:xdc_runtime_SysMin_Module__state__V)
                  c3040b78    00000008     UIA_StopMode_Template_pe674.oe674 (.data:xdc_runtime_Registry_Module__state__V)
                  c3040b80    00000008     UIA_StopMode_Template_pe674.oe674 (.data:xdc_runtime_Startup_Module__state__V)
                  c3040b88    00000008     UIA_StopMode_Template_pe674.oe674 (.data:xdc_runtime_System_Module__state__V)

.cio       0    c3040e00    00000120     UNINITIALIZED
                  c3040e00    00000120     rts6740_elf.lib : trgmsg.c.obj (.cio)

MODULE SUMMARY

       Module                              code    ro data   rw data
       ------                              ----    -------   -------
    .\
       main.obj                            2368    264       50476  
    +--+-----------------------------------+-------+---------+---------+
       Total:                              2368    264       50476  
                                                                    
    C:\ti\workspace_v11\UIA_StopMode_Template\Debug\configPkg\package\cfg\
       UIA_StopMode_Template_pe674.oe674   7040    10190     139398 
    +--+-----------------------------------+-------+---------+---------+
       Total:                              7040    10190     139398 
                                                                    
    C:\ti\bios_6_76_03_01\packages\ti\targets\rts6000\lib\boot.ae674
       autoinit.oe674                      384     0         0      
       boot.oe674                          160     0         0      
    +--+-----------------------------------+-------+---------+---------+
       Total:                              544     0         0      
                                                                    
    C:\ti\bios_6_76_03_01\packages\ti\targets\rts6000\lib\ti.targets.rts6000.ae674
       System.oe674                        3232    24        0      
       Text.oe674                          1728    64        0      
       Error.oe674                         1184    88        0      
       Startup.oe674                       896     44        0      
       Core-mem.oe674                      896     0         0      
       SysMin.oe674                        704     0         0      
       Memory.oe674                        448     0         0      
       Core-smem.oe674                     416     0         0      
       Assert.oe674                        192     4         0      
       Core-params.oe674                   160     0         0      
       Gate.oe674                          64      0         0      
[...]
c303f760  ti_sysbios_knl_Clock_Module__diagsIncluded__C                       
c303f764  ti_sysbios_knl_Clock_Module__diagsMask__C                           
c303f768  ti_sysbios_knl_Clock_Module__loggerFxn1__C                          
c303f76c  ti_sysbios_knl_Clock_Module__loggerFxn2__C                          
c303f770  ti_sysbios_knl_Clock_Module__loggerObj__C                           
c303f774  ti_sysbios_knl_Semaphore_A_badContext__C                            
c303f778  ti_sysbios_knl_Semaphore_A_noEvents__C                              
c303f77c  ti_sysbios_knl_Semaphore_A_overflow__C                              
c303f780  ti_sysbios_knl_Semaphore_A_pendTaskDisabled__C                      
c303f784  ti_sysbios_knl_Semaphore_Instance_State_pendQ__O                    
c303f788  ti_sysbios_knl_Semaphore_LM_pend__C                                 
c303f78c  ti_sysbios_knl_Semaphore_LM_post__C                                 
c303f790  ti_sysbios_knl_Semaphore_Module__diagsEnabled__C                    
c303f794  ti_sysbios_knl_Semaphore_Module__diagsIncluded__C                   
c303f798  ti_sysbios_knl_Semaphore_Module__diagsMask__C                       
c303f79c  ti_sysbios_knl_Semaphore_Module__loggerFxn2__C                      
c303f7a0  ti_sysbios_knl_Semaphore_Module__loggerFxn4__C                      
c303f7a4  ti_sysbios_knl_Semaphore_Module__loggerObj__C                       
c303f7a8  ti_sysbios_knl_Swi_LD_end__C                                        
c303f7ac  ti_sysbios_knl_Swi_LM_begin__C                                      
c303f7b0  ti_sysbios_knl_Swi_LM_post__C                                       
c303f7b4  ti_sysbios_knl_Swi_Module__diagsEnabled__C                          
c303f7b8  ti_sysbios_knl_Swi_Module__diagsIncluded__C                         
c303f7bc  ti_sysbios_knl_Swi_Module__diagsMask__C                             
c303f7c0  ti_sysbios_knl_Swi_Module__loggerFxn1__C                            
c303f7c4  ti_sysbios_knl_Swi_Module__loggerFxn4__C                            
c303f7c8  ti_sysbios_knl_Swi_Module__loggerObj__C                             
c303f7cc  ti_sysbios_knl_Swi_Object__count__C                                 
c303f7d0  ti_sysbios_knl_Swi_numConstructedSwis__C                            
c303f7d4  ti_sysbios_knl_Task_E_spOutOfBounds__C                              
c303f7d8  ti_sysbios_knl_Task_E_stackOverflow__C                              
c303f7dc  ti_sysbios_knl_Task_LD_block__C                                     
c303f7e0  ti_sysbios_knl_Task_LD_exit__C                                      
c303f7e4  ti_sysbios_knl_Task_LD_ready__C                                     
c303f7e8  ti_sysbios_knl_Task_LM_switch__C                                    
c303f7ec  ti_sysbios_knl_Task_Module_State_inactiveQ__O                       
c303f7f0  ti_sysbios_knl_Task_Module__diagsEnabled__C                         
c303f7f4  ti_sysbios_knl_Task_Module__diagsIncluded__C                        
c303f7f8  ti_sysbios_knl_Task_Module__diagsMask__C                            
c303f7fc  ti_sysbios_knl_Task_Module__loggerFxn2__C                           
c303f800  ti_sysbios_knl_Task_Module__loggerFxn4__C                           
c303f804  ti_sysbios_knl_Task_Module__loggerObj__C                            
c303f808  ti_sysbios_knl_Task_Object__count__C                                
c303f80c  ti_sysbios_knl_Task_Object__heap__C                                 
c303f810  ti_sysbios_knl_Task_allBlockedFunc__C                               
c303f814  ti_sysbios_knl_Task_numConstructedTasks__C                          
c303f818  ti_sysbios_timers_timer64_Timer_A_notAvailable__C                   
c303f81c  ti_sysbios_timers_timer64_Timer_E_cannotSupport__C                  
c303f820  ti_sysbios_timers_timer64_Timer_Module__diagsEnabled__C             
c303f824  ti_sysbios_timers_timer64_Timer_Module__diagsIncluded__C            
c303f828  ti_sysbios_timers_timer64_Timer_Module__diagsMask__C                
c303f82c  ti_sysbios_timers_timer64_Timer_anyMaskHigh__C                      
c303f830  ti_sysbios_timers_timer64_Timer_anyMask__C                          
c303f834  ti_sysbios_timers_timer64_Timer_freqDivisor__C                      
c303f838  ti_sysbios_timers_timer64_Timer_numLocalTimers__C                   
c303f83c  ti_sysbios_timers_timer64_Timer_numTimerDevices__C                  
c303f840  ti_sysbios_utils_Load_LS_cpuLoad__C                                 
c303f844  ti_sysbios_utils_Load_LS_hwiLoad__C                                 
c303f848  ti_sysbios_utils_Load_LS_swiLoad__C                                 
c303f84c  ti_sysbios_utils_Load_LS_taskLoad__C                                
c303f850  ti_sysbios_utils_Load_Module_State_taskList__O                      
c303f854  ti_sysbios_utils_Load_Module__diagsEnabled__C                       
c303f858  ti_sysbios_utils_Load_Module__diagsIncluded__C                      
c303f85c  ti_sysbios_utils_Load_Module__diagsMask__C                          
c303f860  ti_sysbios_utils_Load_Module__loggerFxn1__C                         
c303f864  ti_sysbios_utils_Load_Module__loggerFxn2__C                         
c303f868  ti_sysbios_utils_Load_Module__loggerFxn4__C                         
c303f86c  ti_sysbios_utils_Load_Module__loggerObj__C                          
c303f870  ti_sysbios_utils_Load_postUpdate__C                                 
c303f874  ti_sysbios_utils_Load_windowInMs__C                                 
c303f878  ti_uia_loggers_LoggerStopMode_Module__diagsEnabled__C               
c303f87c  ti_uia_loggers_LoggerStopMode_Module__diagsIncluded__C              
c303f880  ti_uia_loggers_LoggerStopMode_Module__diagsMask__C                  
c303f884  ti_uia_loggers_LoggerStopMode_Object__count__C                      
c303f888  ti_uia_loggers_LoggerStopMode_numCores__C                           
c303f88c  ti_uia_runtime_ILoggerSnapshot_Interface__BASE__C                   
c303f890  ti_uia_runtime_IUIATransfer_Interface__BASE__C                      
c303f894  xdc_runtime_Assert_E_assertFailed__C                                
c303f898  xdc_runtime_Core_A_initializedParams__C                             
c303f89c  xdc_runtime_Core_Module__diagsEnabled__C                            
c303f8a0  xdc_runtime_Core_Module__diagsIncluded__C                           
c303f8a4  xdc_runtime_Core_Module__diagsMask__C                               
c303f8a8  xdc_runtime_Error_E_memory__C                                       
c303f8ac  xdc_runtime_Error_Module__diagsEnabled__C                           
c303f8b0  xdc_runtime_Error_Module__diagsIncluded__C                          
c303f8b4  xdc_runtime_Error_Module__diagsMask__C                              
c303f8b8  xdc_runtime_Error_Module__loggerFxn8__C                             
c303f8bc  xdc_runtime_Error_Module__loggerObj__C                              
c303f8c0  xdc_runtime_Error_policyFxn__C                                      
c303f8c4  xdc_runtime_Error_policy__C                                         
c303f8c8  xdc_runtime_Error_raiseHook__C                                      
c303f8cc  xdc_runtime_IFilterLogger_Interface__BASE__C                        
c303f8d0  xdc_runtime_IGateProvider_Interface__BASE__C                        
c303f8d4  xdc_runtime_IHeap_Interface__BASE__C                                
c303f8d8  xdc_runtime_ILogger_Interface__BASE__C                              
c303f8dc  xdc_runtime_IModule_Interface__BASE__C                              
c303f8e0  xdc_runtime_Log_L_error__C                                          
c303f8e4  xdc_runtime_Memory_defaultHeapInstance__C                           
c303f8e8  xdc_runtime_Startup_execImpl__C                                     
c303f8ec  xdc_runtime_Startup_maxPasses__C                                    
c303f8f0  xdc_runtime_Startup_sfxnRts__C                                      
c303f8f4  xdc_runtime_Startup_sfxnTab__C                                      
c303f8f8  xdc_runtime_SysMin_bufSize__C                                       
c303f8fc  xdc_runtime_SysMin_outputFunc__C                                    
c303f900  xdc_runtime_System_Module__gateObj__C                               
c303f904  xdc_runtime_System_abortFxn__C                                      
c303f908  xdc_runtime_System_exitFxn__C                                       
c303f90c  xdc_runtime_System_extendFxn__C                                     
c303f910  xdc_runtime_System_maxAtexitHandlers__C                             
c303f914  xdc_runtime_Text_charTab__C                                         
c303f918  xdc_runtime_Text_nodeTab__C                                         
c303f91c  xdc_runtime_Text_visitRopeFxn__C                                    
c303f920  ti_sysbios_family_c64p_Exception_useInternalBuffer__C               
c303f922  ti_sysbios_family_c64p_Hwi_Module__id__C                            
c303f924  ti_sysbios_family_c64p_Hwi_Module__loggerDefined__C                 
c303f926  ti_sysbios_gates_GateMutex_Module__id__C                            
c303f928  ti_sysbios_hal_Hwi_Module__id__C                                    
c303f92a  ti_sysbios_heaps_HeapMem_Module__id__C                              
c303f92c  ti_sysbios_knl_Clock_Module__id__C                                  
c303f92e  ti_sysbios_knl_Clock_Module__loggerDefined__C                       
c303f930  ti_sysbios_knl_Semaphore_Module__id__C                              
c303f932  ti_sysbios_knl_Semaphore_Module__loggerDefined__C                   
c303f934  ti_sysbios_knl_Swi_Module__id__C                                    
c303f936  ti_sysbios_knl_Swi_Module__loggerDefined__C                         
c303f938  ti_sysbios_knl_Task_Module__id__C                                   
c303f93a  ti_sysbios_knl_Task_Module__loggerDefined__C                        
c303f93c  ti_sysbios_timers_timer64_Timer_Module__id__C                       
c303f93e  ti_sysbios_timers_timer64_Timer_startupNeeded__C                    
c303f940  ti_sysbios_timers_timer64_Timer_useTimer64pRegMap__C                
c303f942  ti_sysbios_utils_Load_Module__id__C                                 
c303f944  ti_sysbios_utils_Load_Module__loggerDefined__C                      
c303f946  ti_sysbios_utils_Load_autoAddTasks__C                               
c303f948  ti_sysbios_utils_Load_updateInIdle__C                               
c303f94a  ti_uia_loggers_LoggerStopMode_Module__id__C                         
c303f94c  ti_uia_loggers_LoggerStopMode_isTimestampEnabled__C                 
c303f94e  xdc_runtime_Core_Module__id__C                                      
c303f950  xdc_runtime_Error_Module__loggerDefined__C                          
c303f952  xdc_runtime_Error_maxDepth__C                                       
c303f954  xdc_runtime_Memory_Module__id__C                                    
c303f956  xdc_runtime_SysMin_flushAtExit__C                                   
c303f958  xdc_runtime_Text_isLoaded__C                                        
c303f95a  xdc_runtime_Text_registryModsLastId__C                              
c303f95c  xdc_runtime_Text_unnamedModsLastId__C                               
c303f960  _stack                                                              
c3040960  __TI_STACK_END                                                      
c3040960  ti_sysbios_utils_Load_Module__state__V                              
c30409f8  ti_sysbios_family_c64p_Hwi_Module__state__V                         
c3040a64  ti_sysbios_knl_Task_Module__state__V                                
c3040aac  ti_sysbios_family_c64p_Exception_Module__state__V                   
c3040adc  ti_sysbios_knl_Clock_Module__state__V                               
c3040b08  ti_sysbios_BIOS_Module__state__V                                    
c3040b2c  ti_sysbios_knl_Swi_Module__state__V                                 
c3040b48  ti_sysbios_timers_timer64_Timer_Module__state__V                    
c3040b60  ti_uia_runtime_QueueDescriptor_Module__state__V                     
c3040b6c  xdc_runtime_SysMin_Module__state__V                                 
c3040b78  xdc_runtime_Registry_Module__state__V                               
c3040b80  xdc_runtime_Startup_Module__state__V                                
c3040b88  xdc_runtime_System_Module__state__V                                 
c3040c00  ti_sysbios_family_c64p_Hwi0                                         
c3040c00  ti_sysbios_family_c64p_Hwi_int0                                     
c3040c20  ti_sysbios_family_c64p_Hwi_int1                                     
c3040c40  ti_sysbios_family_c64p_Hwi_int2                                     
c3040c60  ti_sysbios_family_c64p_Hwi_int3                                     
c3040c80  ti_sysbios_family_c64p_Hwi_int4                                     
c3040ca0  ti_sysbios_family_c64p_Hwi_int5                                     
c3040cc0  ti_sysbios_family_c64p_Hwi_int6                                     
c3040ce0  ti_sysbios_family_c64p_Hwi_int7                                     
c3040d00  ti_sysbios_family_c64p_Hwi_int8                                     
c3040d20  ti_sysbios_family_c64p_Hwi_int9                                     
c3040d40  ti_sysbios_family_c64p_Hwi_int10                                    
c3040d60  ti_sysbios_family_c64p_Hwi_int11                                    
c3040d80  ti_sysbios_family_c64p_Hwi_int12                                    
c3040da0  ti_sysbios_family_c64p_Hwi_int13                                    
c3040dc0  ti_sysbios_family_c64p_Hwi_int14                                    
c3040de0  ti_sysbios_family_c64p_Hwi_int15                                    
c3040e00  __CIOBUF_                                                           
c3040f20  __TI_STATIC_BASE                                                    
c3040f20  hefresh                                                             
c3040f24  prod1                                                               
c3040f28  prod1_1                                                             
c3040f2c  prod1_1h                                                            
c3040f30  prod1h                                                              
c3040f34  prod2                                                               
c3040f38  prod2_1                                                             
c3040f3c  prod2_1h                                                            
c3040f40  prod2h                                                              
c3040f44  prod3                                                               
c3040f48  prod3_1                                                             
c3040f4c  prod3_1h                                                            
c3040f50  prod3h                                                              
c3040f54  prod4                                                               
c3040f58  prod4_1                                                             
c3040f5c  prod4_1h                                                            
c3040f60  prod4h                                                              
c3040f64  prod5                                                               
c3040f68  prod5_1                                                             
c3040f6c  prod5_1h                                                            
c3040f70  prod5h                                                              
c3040f74  xn_1                                                                
c3040f78  xn_1h                                                               
c3040f7c  xnh                                                                 
c3040f80  d01                                                                 
c3040f84  d02                                                                 
c3040f88  d00                                                                 
c3040f8c  y0                                                                  
c3040f90  d01_1                                                               
c3040f94  d02_1                                                               
c3040f98  d00_1                                                               
c3040f9c  y0_1                                                                
c3040fa0  d01h                                                                
c3040fa4  d02h                                                                
c3040fa8  d00h                                                                
c3040fac  y0h                                                                 
c3040fb0  d01_1h                                                              
c3040fb4  d02_1h                                                              
c3040fb8  d00_1h                                                              
c3040fbc  y0_1h                                                               
c3040fc0  next_flag                                                           
c3040fc4  local_max_idx                                                       
c3040fc8  next_local_max_idx                                                  
c3040fcc  min_value                                                           
c3040fd0  s1_idx                                                              
c3040fd4  hefresh_idx                                                         
c3040fd8  i                                                                   
c3040fdc  peak_value                                                          
c3040fe0  sum_s1                                                              
c3040fe4  buffer_idx                                                          
c3040fe8  sum_avg                                                             
c3040fec  sample_idx                                                          
c3040ff0  sample                                                              
c3040ff4  sample_counter                                                      
c3040ff8  xn                                                                  
c3040ffc  ti_uia_runtime_QueueDescriptor_gPtrToFirstDescriptor                
c3041000  ti_uia_runtime_QueueDescriptor_gUpdateCount                         
c3041004  t0                                                                  
c3041008  sem                                                                 
c304100c  swi0                                                                
c3041010  task0                                                               
c30431a0  __TI_Handler_Table_Base                                             
c30431a8  __TI_CINIT_Base                                                     
c30431a8  __TI_Handler_Table_Limit                                            
c3043240  __TI_CINIT_Limit                                                    
ffffffff  __TI_pprof_out_hndl                                                 
ffffffff  __TI_prof_data_size                                                 
ffffffff  __TI_prof_data_start                                                
ffffffff  __binit__                                                           
ffffffff  __c_args__                                                          
ffffffff  binit                                                               
UNDEFED   __TI_INITARRAY_Base                                                 
UNDEFED   __TI_INITARRAY_Limit                                                
UNDEFED   __TI_TLS_INIT_Base                                                  
UNDEFED   __TI_TLS_INIT_Limit                                                 

[735 symbols]
